Microchip Technology Inc, vv1.24 (0)

Tool Name:
  d:\my programs\microchip\xc16\v1.24\bin\bin\..\bin/elf-ld.exe

Command:
  -p24FJ128GA202 \
  -o \
  dist/default/production/ESD.production.elf \
  -Ld:/my programs/microchip/xc16/v1.24/bin/bin/.. \
  -Ld:/my programs/microchip/xc16/v1.24/bin/bin/../../lib \
  -Ld:/my programs/microchip/xc16/v1.24/bin/bin/../../lib/PIC24E \
  -Ld:/my programs/microchip/xc16/v1.24/bin/bin/../../support/PIC24E/gld \
  -Ld:/my programs/microchip/xc16/v1.24/bin/bin/../../lib/PIC24F \
  -Ld:/my programs/microchip/xc16/v1.24/bin/bin/../../support/PIC24F/gld \
  -Ld:/my programs/microchip/xc16/v1.24/bin/bin/../../lib/PIC24H \
  -Ld:/my programs/microchip/xc16/v1.24/bin/bin/../../support/PIC24H/gld \
  -Ld:/my programs/microchip/xc16/v1.24/bin/bin/../../lib/dsPIC30F \
  -Ld:/my programs/microchip/xc16/v1.24/bin/bin/../../support/dsPIC30F/gld \
  -Ld:/my programs/microchip/xc16/v1.24/bin/bin/../../lib/dsPIC33E \
  -Ld:/my programs/microchip/xc16/v1.24/bin/bin/../../support/dsPIC33E/gld \
  -Ld:/my programs/microchip/xc16/v1.24/bin/bin/../../lib/dsPIC33F \
  -Ld:/my programs/microchip/xc16/v1.24/bin/bin/../../support/dsPIC33F/gld \
  build/default/production/config_memory.o \
  build/default/production/configuration_bits.o \
  build/default/production/crc.o \
  build/default/production/fonts.o \
  build/default/production/i2c2.o \
  build/default/production/interrupts.o \
  build/default/production/keypad.o \
  build/default/production/lcd.o \
  build/default/production/ltc2943.o \
  build/default/production/main.o \
  build/default/production/queue.o \
  build/default/production/tmr2.o \
  build/default/production/traps.o \
  build/default/production/uart1_queued.o \
  build/default/production/uc1701x.o \
  build/default/production/coords.o \
  build/default/production/mc24aa512_i2c2.o \
  build/default/production/geofence.o \
  --local-stack \
  --defsym=__MPLAB_BUILD=1 \
  -Tp24FJ128GA202.gld.00 \
  --stack=16 \
  --check-sections \
  --data-init \
  --pack-data \
  --handles \
  --isr \
  --no-gc-sections \
  --fill-upper=0 \
  --stackguard=16 \
  --no-force-link \
  --smart-io \
  -Map=dist/default/production/ESD.production.map \
  --report-mem \
  -start-group \
  --library=pic30-elf \
  --library=m-elf \
  --library=c-elf \
  -end-group \

Archive member included because of file (symbol)

d:/my programs/microchip/xc16/v1.24/bin/bin/../../lib\libpic30-elf.a(crt0_extended.o)
                              (__resetPRI)
d:/my programs/microchip/xc16/v1.24/bin/bin/../../lib\libpic30-elf.a(data_init_extended.o)
                              d:/my programs/microchip/xc16/v1.24/bin/bin/../../lib\libpic30-elf.a(crt0_extended.o) (__data_init_extended)
d:/my programs/microchip/xc16/v1.24/bin/bin/../../lib\libpic30-elf.a(delay32.eo)
                              build/default/production/i2c2.o (___delay32)
d:/my programs/microchip/xc16/v1.24/bin/bin/../../lib\libm-elf.a(addsf3.eo)
                              build/default/production/coords.o (___subsf3)
d:/my programs/microchip/xc16/v1.24/bin/bin/../../lib\libm-elf.a(atan2f.eo)
                              build/default/production/coords.o (_atan2f)
d:/my programs/microchip/xc16/v1.24/bin/bin/../../lib\libm-elf.a(atanf.eo)
                              build/default/production/coords.o (_atanf)
d:/my programs/microchip/xc16/v1.24/bin/bin/../../lib\libm-elf.a(cosf.eo)
                              build/default/production/coords.o (_cosf)
d:/my programs/microchip/xc16/v1.24/bin/bin/../../lib\libm-elf.a(divsf3.eo)
                              build/default/production/coords.o (___divsf3)
d:/my programs/microchip/xc16/v1.24/bin/bin/../../lib\libm-elf.a(divsi3.eo)
                              build/default/production/coords.o (___divsi3)
d:/my programs/microchip/xc16/v1.24/bin/bin/../../lib\libm-elf.a(errno.eo)
                              d:/my programs/microchip/xc16/v1.24/bin/bin/../../lib\libm-elf.a(atan2f.eo) (_errno)
d:/my programs/microchip/xc16/v1.24/bin/bin/../../lib\libm-elf.a(feqltle.eo)
                              build/default/production/main.o (___eqsf2)
d:/my programs/microchip/xc16/v1.24/bin/bin/../../lib\libm-elf.a(fgtge.eo)
                              build/default/production/coords.o (___gtsf2)
d:/my programs/microchip/xc16/v1.24/bin/bin/../../lib\libm-elf.a(fixsfsi.eo)
                              build/default/production/coords.o (_(float, int, long long, short, float, short, int))
d:/my programs/microchip/xc16/v1.24/bin/bin/../../lib\libm-elf.a(fixunssfsi.eo)
                              build/default/production/coords.o (___fixunssfsi)
d:/my programs/microchip/xc16/v1.24/bin/bin/../../lib\libm-elf.a(floatsisf.eo)
                              build/default/production/coords.o (___floatsisf)
d:/my programs/microchip/xc16/v1.24/bin/bin/../../lib\libm-elf.a(floatunsisf.eo)
                              build/default/production/coords.o (___floatunsisf)
[...]
Memory Configuration

Name             Origin             Length             Attributes
data             0x000800           0x002000           a !xr
reset            0x000000           0x000004  
ivt              0x000004           0x0000fc  
_reserved        0x000100           0x000004  
aivt             0x000104           0x0000fc  
program          0x000200           0x0155f8           xr
CONFIG4          0x0157f8           0x000002  
CONFIG3          0x0157fa           0x000002  
CONFIG2          0x0157fc           0x000002  
CONFIG1          0x0157fe           0x000002  
*default*        0x000000           0xffffffff  

Linker script and memory map

LOAD build/default/production/config_memory.o
LOAD build/default/production/configuration_bits.o
LOAD build/default/production/crc.o
LOAD build/default/production/fonts.o
LOAD build/default/production/i2c2.o
LOAD build/default/production/interrupts.o
LOAD build/default/production/keypad.o
LOAD build/default/production/lcd.o
LOAD build/default/production/ltc2943.o
LOAD build/default/production/main.o
LOAD build/default/production/queue.o
LOAD build/default/production/tmr2.o
LOAD build/default/production/traps.o
LOAD build/default/production/uart1_queued.o
LOAD build/default/production/uc1701x.o
LOAD build/default/production/coords.o
LOAD build/default/production/mc24aa512_i2c2.o
LOAD build/default/production/geofence.o
                    0x0001                  __MPLAB_BUILD = 0x1
LOAD d:/my programs/microchip/xc16/v1.24/bin/bin/../../lib/PIC24F\libpPIC24Fxxx-elf.a
LOAD d:/my programs/microchip/xc16/v1.24/bin/bin/../../lib\libfx-elf.a
                    0x157f8                  __CONFIG4 = 0x157f8
                    0x157fa                  __CONFIG3 = 0x157fa
                    0x157fc                  __CONFIG2 = 0x157fc
                    0x157fe                  __CONFIG1 = 0x157fe
                    0x0200                  __CODE_BASE = 0x200
                    0x155f8                  __CODE_LENGTH = 0x155f8
                    0x0004                  __IVT_BASE = 0x4
                    0x0104                  __AIVT_BASE = 0x104
                    0x0800                  __DATA_BASE = 0x800
                    0x2000                  __DATA_LENGTH = 0x2000

.reset            0x000000          0x4
                  0x000000          0x2 SHORT 0x200 ABSOLUTE (__reset)
                  0x000001          0x2 SHORT 0x4
                  0x000002          0x2 SHORT 0x0 ((ABSOLUTE (__reset) >> 0x10) & 0x7f)
                  0x000003          0x2 SHORT 0x0

.text             0x000200       0x2854
 *(.init)
 .init            0x000200         0x38 d:/my programs/microchip/xc16/v1.24/bin/bin/../../lib\libpic30-elf.a(crt0_extended.o)
                  0x000200                  __resetPRI
                  0x000200                  __reset
                  0x00022c                  __psv_init
 .init            0x000238         0x9a d:/my programs/microchip/xc16/v1.24/bin/bin/../../lib\libpic30-elf.a(data_init_extended.o)
                  0x000238                  __data_init
                  0x000238                  __data_init_extended
 *(.user_init)
 *(.handle)
 .handle          0x0002d2          0x4 jump_table
 *(.isr*)
 .isr.text        0x0002d6          0x4 build/default/production/interrupts.o
                  0x0002d6                  __DefaultInterrupt
 .isr.text        0x0002da         0x30 build/default/production/traps.o
                  0x0002da                  __OscillatorFail
                  0x0002e0                  __AddressError
                  0x0002e6                  __StackError
                  0x0002ec                  __MathError
                  0x0002f2                  __AltOscillatorFail
                  0x0002f8                  __AltAddressError
                  0x0002fe                  __AltStackError
                  0x000304                  __AltMathError
 *(.libc)
 .libc            0x00030a         0x14 d:/my programs/microchip/xc16/v1.24/bin/bin/../../lib\libc-elf.a(isalpha.eso)
                  0x00030a                  _isalpha
 .libc            0x00031e         0x10 d:/my programs/microchip/xc16/v1.24/bin/bin/../../lib\libc-elf.a(isspace.eso)
                  0x00031e                  _isspace
 .libc            0x00032e          0xe d:/my programs/microchip/xc16/v1.24/bin/bin/../../lib\libc-elf.a(toupper.eso)
                  0x00032e                  _toupper
 .libc            0x00033c         0x60 d:/my programs/microchip/xc16/v1.24/bin/bin/../../lib\libpic30-elf.a(write.eo)
                  0x00033c                  _write
 *(.libm)
 *(.libdsp)
 *(.lib*)
 .libm.subsf3     0x00039c         0xbc d:/my programs/microchip/xc16/v1.24/bin/bin/../../lib\libm-elf.a(addsf3.eo)
                  0x00039c                  ___subsf3
                  0x00039e                  ___addsf3
 .libm.atanf      0x000458         0x3a d:/my programs/microchip/xc16/v1.24/bin/bin/../../lib\libm-elf.a(atan2f.eo)
                  0x000458                  _atan2f
 .libm.atanf      0x000492         0xca d:/my programs/microchip/xc16/v1.24/bin/bin/../../lib\libm-elf.a(atanf.eo)
                  0x000492                  _atanf
 .libm.cosf       0x00055c          0x4 d:/my programs/microchip/xc16/v1.24/bin/bin/../../lib\libm-elf.a(cosf.eo)
                  0x00055c                  _cosf
 .libm.divfs3     0x000560         0x84 d:/my programs/microchip/xc16/v1.24/bin/bin/../../lib\libm-elf.a(divsf3.eo)
                  0x000560                  ___divsf3
 .libm.divsi3     0x0005e4         0x1e d:/my programs/microchip/xc16/v1.24/bin/bin/../../lib\libm-elf.a(divsi3.eo)
                  0x0005e4                  ___divsi3
 .libm.eqsf2      0x000602          0x4 d:/my programs/microchip/xc16/v1.24/bin/bin/../../lib\libm-elf.a(feqltle.eo)
                  0x000602                  ___eqsf2
                  0x000602                  ___ltsf2
                  0x000602                  ___lesf2
 .libm.gtsf2      0x000606          0x4 d:/my programs/microchip/xc16/v1.24/bin/bin/../../lib\libm-elf.a(fgtge.eo)
                  0x000606                  ___gesf2
                  0x000606                  ___gtsf2
 .libm.fixsfsi    0x00060a         0x42 d:/my programs/microchip/xc16/v1.24/bin/bin/../../lib\libm-elf.a(fixsfsi.eo)
                  0x00060a                  _(float, int, long long, short, float, short, int)
 .libm.fixunssfsi
                  0x00064c         0x36 d:/my programs/microchip/xc16/v1.24/bin/bin/../../lib\libm-elf.a(fixunssfsi.eo)
                  0x00064c                  ___fixunssfsi
 .libm.floatsisf
                  0x000682          0x6 d:/my programs/microchip/xc16/v1.24/bin/bin/../../lib\libm-elf.a(floatsisf.eo)
                  0x000682                  ___floatsisf
 .libm.floatunsisf
                  0x000688          0x4 d:/my programs/microchip/xc16/v1.24/bin/bin/../../lib\libm-elf.a(floatunsisf.eo)
                  0x000688                  ___floatunsisf
 .libm.floorf     0x00068c         0x10 d:/my programs/microchip/xc16/v1.24/bin/bin/../../lib\libm-elf.a(floorf.eo)
                  0x00068c                  _floorf
 .libm.fpack      0x00069c         0x4c d:/my programs/microchip/xc16/v1.24/bin/bin/../../lib\libm-elf.a(fpack.eo)
                  0x00069c                  __fpack
 .libm.funpack    0x0006e8         0x2a d:/my programs/microchip/xc16/v1.24/bin/bin/../../lib\libm-elf.a(funpack.eo)
                  0x0006e8                  __funpack
 .libm.funpack2
                  0x000712         0x10 d:/my programs/microchip/xc16/v1.24/bin/bin/../../lib\libm-elf.a(funpack2.eo)
                  0x000712                  __funpack2
 .libm.fPropagateNaN
                  0x000722         0x12 d:/my programs/microchip/xc16/v1.24/bin/bin/../../lib\libm-elf.a(futil.eo)
                  0x000722                  __fPropagateNaN
 .libm.fbobExit
                  0x000734          0x8 d:/my programs/microchip/xc16/v1.24/bin/bin/../../lib\libm-elf.a(futil.eo)
                  0x000734                  __fbopExit
 .libm.fbopReturnNaN
                  0x00073c          0x6 d:/my programs/microchip/xc16/v1.24/bin/bin/../../lib\libm-elf.a(futil.eo)
                  0x00073c                  __fbopReturnNaN
 .libm.modsi3     0x000742         0x1e d:/my programs/microchip/xc16/v1.24/bin/bin/../../lib\libm-elf.a(modsi3.eo)
                  0x000742                  ___modsi3
 .libm.mulsf3     0x000760         0x68 d:/my programs/microchip/xc16/v1.24/bin/bin/../../lib\libm-elf.a(mulsf3.eo)
                  0x000760                  ___mulsf3
 .libm.powf       0x0007c8        0x1c6 d:/my programs/microchip/xc16/v1.24/bin/bin/../../lib\libm-elf.a(powf.eo)
                  0x0007c8                  _powf
 .libm.sincosf    0x00098e         0xd2 d:/my programs/microchip/xc16/v1.24/bin/bin/../../lib\libm-elf.a(sincosf.eo)
                  0x00098e                  __sincosf
 .libm.sinf       0x000a60          0x4 d:/my programs/microchip/xc16/v1.24/bin/bin/../../lib\libm-elf.a(sinf.eo)
                  0x000a60                  _sinf
 .libm.sqrtf      0x000a64         0x6a d:/my programs/microchip/xc16/v1.24/bin/bin/../../lib\libm-elf.a(sqrtf.eo)
                  0x000a64                  _sqrtf
 .libm.tanf       0x000ace         0xba d:/my programs/microchip/xc16/v1.24/bin/bin/../../lib\libm-elf.a(tanf.eo)
                  0x000ace                  _tanf
 .libm.udivsi3    0x000b88         0x20 d:/my programs/microchip/xc16/v1.24/bin/bin/../../lib\libm-elf.a(udivsi3.eo)
                  0x000b88                  ___udivsi3
 .libm.umodsi3    0x000ba8          0x6 d:/my programs/microchip/xc16/v1.24/bin/bin/../../lib\libm-elf.a(umodsi3.eo)
                  0x000ba8                  ___umodsi3
 .libm.__muldi3
                  0x000bae         0x52 d:/my programs/microchip/xc16/v1.24/bin/bin/../../lib\libm-elf.a(muldi3.eo)
                  0x000bae                  ___muldi3
 .libm.frexpf     0x000c00         0x1a d:/my programs/microchip/xc16/v1.24/bin/bin/../../lib\libm-elf.a(_frexpf.eo)
                  0x000c00                  __frexpf
 .libm.expf       0x000c1a         0xc4 d:/my programs/microchip/xc16/v1.24/bin/bin/../../lib\libm-elf.a(expf.eo)
                  0x000c1a                  _expf
 .libm.fchop      0x000cde         0x4e d:/my programs/microchip/xc16/v1.24/bin/bin/../../lib\libm-elf.a(fchop.eo)
                  0x000cde                  __fchop
 .libm.fcompare
                  0x000d2c         0x36 d:/my programs/microchip/xc16/v1.24/bin/bin/../../lib\libm-elf.a(fcompare.eo)
                  0x000d2c                  __fcompare
 .libm.floatdisf
                  0x000d62         0x20 d:/my programs/microchip/xc16/v1.24/bin/bin/../../lib\libm-elf.a(floatdisf.eo)
                  0x000d62                  ___floatdisf
 .libm.floatundisf
                  0x000d82         0x5e d:/my programs/microchip/xc16/v1.24/bin/bin/../../lib\libm-elf.a(floatundisf.eo)
                  0x000d82                  ___floatundisf
 .libm.fmodf      0x000de0          0x4 d:/my programs/microchip/xc16/v1.24/bin/bin/../../lib\libm-elf.a(fmodf.eo)
                  0x000de0                  _fmodf
 .libm.fmodrem    0x000de4         0x9e d:/my programs/microchip/xc16/v1.24/bin/bin/../../lib\libm-elf.a(fmodrem.eo)
                  0x000de4                  __fmodrem
 .libm.ldexpf     0x000e82         0x44 d:/my programs/microchip/xc16/v1.24/bin/bin/../../lib\libm-elf.a(ldexpf.eo)
                  0x000e82                  _ldexpf
 .libm.logf       0x000ec6         0xae d:/my programs/microchip/xc16/v1.24/bin/bin/../../lib\libm-elf.a(logf.eo)
                  0x000ec6                  _logf
 .libm.umuldi3    0x000f74         0x44 d:/my programs/microchip/xc16/v1.24/bin/bin/../../lib\libm-elf.a(umuldi3.eo)
                  0x000f74                  ___umuldi3
 .libc.strtof     0x000fb8        0x1ee d:/my programs/microchip/xc16/v1.24/bin/bin/../../lib\libc-elf.a(atof.eo)
                  0x000fb8                  _strtof
 .libc.strtod     0x0011a6          0x2 d:/my programs/microchip/xc16/v1.24/bin/bin/../../lib\libc-elf.a(atof.eo)
                  0x0011a6                  _strtod
 .libc.atof       0x0011a8          0x4 d:/my programs/microchip/xc16/v1.24/bin/bin/../../lib\libc-elf.a(atof.eo)
                  0x0011a8                  _atof
 .libc.atoi       0x0011ac         0x3e d:/my programs/microchip/xc16/v1.24/bin/bin/../../lib\libc-elf.a(atoi.eo)
                  0x0011ac                  _atoi
 .libc.memcpy     0x0011ea          0xe d:/my programs/microchip/xc16/v1.24/bin/bin/../../lib\libc-elf.a(memcpy.eo)
                  0x0011ea                  _memcpy
 .libc.memset     0x0011f8          0xe d:/my programs/microchip/xc16/v1.24/bin/bin/../../lib\libc-elf.a(memset.eo)
                  0x0011f8                  _memset
 .libc.strcmp     0x001206          0xe d:/my programs/microchip/xc16/v1.24/bin/bin/../../lib\libc-elf.a(strcmp.eo)
                  0x001206                  _strcmp
 .libc.strstr     0x001214         0x30 d:/my programs/microchip/xc16/v1.24/bin/bin/../../lib\libc-elf.a(strstr.eo)
                  0x001214                  _strstr
 .libc.strtoul    0x001244        0x10a d:/my programs/microchip/xc16/v1.24/bin/bin/../../lib\libc-elf.a(strtol.eo)
                  0x001244                  _strtoul
 .libc.strtol     0x00134e         0x90 d:/my programs/microchip/xc16/v1.24/bin/bin/../../lib\libc-elf.a(strtol.eo)
                  0x00134e                  _strtol
 .libc.strchr     0x0013de         0x1e d:/my programs/microchip/xc16/v1.24/bin/bin/../../lib\libc-elf.a(strchr.elo)
                  0x0013de                  _strchr
 .libc._sprintf_cdfFnopsuxX
                  0x0013fc         0x2c d:/my programs/microchip/xc16/v1.24/bin/bin/../../lib\libc-elf.a(sprintf_cdfFnopsuxX.XXeo)
                  0x0013fc                  __sprintf_cdfFnopsuxX
                  0x0013fc                  __sprintf_cdnopuxX
                  0x0013fc                  __sprintf_cdnopsuxX
 .libc.fround     0x001428         0xba d:/my programs/microchip/xc16/v1.24/bin/bin/../../lib\libc-elf.a(doprnt_cdfFnopsuxX.XXeo)
 .libc.scale      0x0014e2         0xc0 d:/my programs/microchip/xc16/v1.24/bin/bin/../../lib\libc-elf.a(doprnt_cdfFnopsuxX.XXeo)
 .libc._vfprintf_cdfFnopsuxX
                  0x0015a2        0xbea d:/my programs/microchip/xc16/v1.24/bin/bin/../../lib\libc-elf.a(doprnt_cdfFnopsuxX.XXeo)
                  0x0015a2                  __vfprintf_cdnopuxX
                  0x0015a2                  __vfprintf_cdnopsuxX
                  0x0015a2                  __vfprintf_cdfFnopsuxX
 .libc.fputc      0x00218c         0x88 d:/my programs/microchip/xc16/v1.24/bin/bin/../../lib\libc-elf.a(fputc.eo)
                  0x00218c                  _fputc
 .libc.strlen     0x002214          0xe d:/my programs/microchip/xc16/v1.24/bin/bin/../../lib\libc-elf.a(strlen.eo)
                  0x002214                  _strlen
 .libc.strncmp    0x002222         0x22 d:/my programs/microchip/xc16/v1.24/bin/bin/../../lib\libc-elf.a(strncmp.eo)
                  0x002222                  _strncmp
 .libc._flsbuf    0x002244         0x84 d:/my programs/microchip/xc16/v1.24/bin/bin/../../lib\libc-elf.a(flsbuf.eo)
                  0x002244                  __flsbuf
 .libc.dowrite    0x0022c8          0x4 d:/my programs/microchip/xc16/v1.24/bin/bin/../../lib\libpic30-elf.a(write.eo)
 .libm.adddf3     0x0022cc         0xfa d:/my programs/microchip/xc16/v1.24/bin/bin/../../lib\libm-elf.a(adddf3.eo)
                  0x0022cc                  ___adddf3
 .libm.eqdf2      0x0023c6          0xa d:/my programs/microchip/xc16/v1.24/bin/bin/../../lib\libm-elf.a(deqltle.eo)
                  0x0023c6                  ___eqdf2
                  0x0023c6                  ___ltdf2
                  0x0023c6                  ___ledf2
 .libm.gtdf2      0x0023d0          0xa d:/my programs/microchip/xc16/v1.24/bin/bin/../../lib\libm-elf.a(dgtge.eo)
                  0x0023d0                  ___gtdf2
                  0x0023d0                  ___gedf2
 .libm.divdf3     0x0023da         0xb4 d:/my programs/microchip/xc16/v1.24/bin/bin/../../lib\libm-elf.a(divdf3.eo)
                  0x0023da                  ___divdf3
 .libm.nedf2      0x00248e          0xa d:/my programs/microchip/xc16/v1.24/bin/bin/../../lib\libm-elf.a(dne.eo)
                  0x00248e                  ___nedf2
 .libm.dpack      0x002498         0x58 d:/my programs/microchip/xc16/v1.24/bin/bin/../../lib\libm-elf.a(dpack.eo)
                  0x002498                  __dpack
 .libm.dunpack2
                  0x0024f0         0x32 d:/my programs/microchip/xc16/v1.24/bin/bin/../../lib\libm-elf.a(dunpack2.eo)
                  0x0024f0                  __dunpack2
                  0x002512                  __dreturnNaN
                  0x002518                  __dunpack2exit
 .libm.extendsfdf2
                  0x002522         0x3e d:/my programs/microchip/xc16/v1.24/bin/bin/../../lib\libm-elf.a(extendsfdf.eo)
                  0x002522                  ___extendsfdf2
 .libm.fixunsdfdi
                  0x002560         0x62 d:/my programs/microchip/xc16/v1.24/bin/bin/../../lib\libm-elf.a(fixunsdfdi.eo)
                  0x002560                  ___fixunsdfdi
 .libm.floatundidf
                  0x0025c2         0x56 d:/my programs/microchip/xc16/v1.24/bin/bin/../../lib\libm-elf.a(floatundidf.eo)
                  0x0025c2                  ___floatundidf
 .libm.frexp      0x002618         0x3a d:/my programs/microchip/xc16/v1.24/bin/bin/../../lib\libm-elf.a(frexp.eo)
                  0x002618                  _frexp
                  0x002618                  _frexpl
 .libm.muldf3     0x002652         0xea d:/my programs/microchip/xc16/v1.24/bin/bin/../../lib\libm-elf.a(muldf3.eo)
                  0x002652                  ___muldf3
 .libm.subdf3     0x00273c          0x4 d:/my programs/microchip/xc16/v1.24/bin/bin/../../lib\libm-elf.a(subdf3.eo)
                  0x00273c                  ___subdf3
 .libm.mulsi3     0x002740          0xc d:/my programs/microchip/xc16/v1.24/bin/bin/../../lib\libm-elf.a(mulsi3.eo)
                  0x002740                  ___mulp32peds3
                  0x002740                  ___mulsi3
                  0x002740                  ___mulp32eds3
 .libm.__PplusBdi
                  0x00274c         0x28 d:/my programs/microchip/xc16/v1.24/bin/bin/../../lib\libm-elf.a(divmoddi3.eo)
 .libm.__PminusBdi
                  0x002774         0x4a d:/my programs/microchip/xc16/v1.24/bin/bin/../../lib\libm-elf.a(divmoddi3.eo)
 .libm.__udivmoddi3
                  0x0027be         0xe4 d:/my programs/microchip/xc16/v1.24/bin/bin/../../lib\libm-elf.a(divmoddi3.eo)
                  0x0027be                  ___udivmoddi3
 .libm.__udivdi3
                  0x0028a2          0xe d:/my programs/microchip/xc16/v1.24/bin/bin/../../lib\libm-elf.a(divmoddi3.eo)
                  0x0028a2                  ___udivdi3
 .libm.__umoddi3
                  0x0028b0          0x8 d:/my programs/microchip/xc16/v1.24/bin/bin/../../lib\libm-elf.a(divmoddi3.eo)
                  0x0028b0                  ___umoddi3
 .libm.__divdi3
                  0x0028b8         0x60 d:/my programs/microchip/xc16/v1.24/bin/bin/../../lib\libm-elf.a(divmoddi3.eo)
                  0x0028b8                  ___divdi3
 .libm.__moddi3
                  0x002918         0x5c d:/my programs/microchip/xc16/v1.24/bin/bin/../../lib\libm-elf.a(divmoddi3.eo)
                  0x002918                  ___moddi3
 .libm.dcompare
                  0x002974         0x52 d:/my programs/microchip/xc16/v1.24/bin/bin/../../lib\libm-elf.a(dcompare.eo)
                  0x002974                  __dcompare
 .libm.dPropagateNaN
                  0x0029c6         0x1c d:/my programs/microchip/xc16/v1.24/bin/bin/../../lib\libm-elf.a(dpropagateNaN.eo)
                  0x0029c6                  __dPropagateNaN
 .libm.dtype      0x0029e2         0x24 d:/my programs/microchip/xc16/v1.24/bin/bin/../../lib\libm-elf.a(dtype.eo)
                  0x0029e2                  __dtype
 .libm.dunpack    0x002a06         0x4e d:/my programs/microchip/xc16/v1.24/bin/bin/../../lib\libm-elf.a(dunpack.eo)
                  0x002a06                  __dunpack

usercode
 *(usercode)

__CONFIG4
 *(__CONFIG4.sec*)

__CONFIG3
 *(__CONFIG3.sec*)

__CONFIG2
 *(__CONFIG2.sec*)

__CONFIG1
 *(__CONFIG1.sec*)

.comment
 *(.comment)

.debug_info       0x000000      0x1323f
 *(.debug_info)
 .debug_info      0x000000       0x1164 build/default/production/config_memory.o
 .debug_info      0x001164         0x97 build/default/production/configuration_bits.o
 .debug_info      0x0011fb        0xa3a build/default/production/crc.o
 .debug_info      0x001c35       0x2084 build/default/production/fonts.o
 .debug_info      0x003cb9        0xf6b build/default/production/i2c2.o
 .debug_info      0x004c24         0xb0 build/default/production/interrupts.o
 .debug_info      0x004cd4       0x1562 build/default/production/keypad.o
 .debug_info      0x006236       0x20a5 build/default/production/lcd.o
 .debug_info      0x0082db        0x374 build/default/production/ltc2943.o
 .debug_info      0x00864f       0x5c56 build/default/production/main.o
 .debug_info      0x00e2a5        0x370 build/default/production/queue.o
 .debug_info      0x00e615        0xc34 build/default/production/tmr2.o
 .debug_info      0x00f249        0x2a5 build/default/production/traps.o
 .debug_info      0x00f4ee       0x156b build/default/production/uart1_queued.o
 .debug_info      0x010a59       0x1515 build/default/production/uc1701x.o
 .debug_info      0x011f6e        0xbb5 build/default/production/coords.o
 .debug_info      0x012b23        0x4b5 build/default/production/mc24aa512_i2c2.o
 .debug_info      0x012fd8        0x267 build/default/production/geofence.o
 *(.gnu.linkonce.wi.*)

.debug_abbrev     0x000000       0x1548
 *(.debug_abbrev)
 .debug_abbrev    0x000000        0x1e7 build/default/production/config_memory.o
 .debug_abbrev    0x0001e7         0x1f build/default/production/configuration_bits.o
 .debug_abbrev    0x000206        0x222 build/default/production/crc.o
 .debug_abbrev    0x000428         0x67 build/default/production/fonts.o
 .debug_abbrev    0x00048f        0x190 build/default/production/i2c2.o
 .debug_abbrev    0x00061f         0x34 build/default/production/interrupts.o
 .debug_abbrev    0x000653        0x182 build/default/production/keypad.o
 .debug_abbrev    0x0007d5        0x11f build/default/production/lcd.o
 .debug_abbrev    0x0008f4         0x83 build/default/production/ltc2943.o
 .debug_abbrev    0x000977        0x2a9 build/default/production/main.o
 .debug_abbrev    0x000c20         0x9d build/default/production/queue.o
 .debug_abbrev    0x000cbd        0x185 build/default/production/tmr2.o
 .debug_abbrev    0x000e42         0x7d build/default/production/traps.o
 .debug_abbrev    0x000ebf        0x1ef build/default/production/uart1_queued.o
 .debug_abbrev    0x0010ae        0x187 build/default/production/uc1701x.o
 .debug_abbrev    0x001235        0x16a build/default/production/coords.o
 .debug_abbrev    0x00139f         0xf1 build/default/production/mc24aa512_i2c2.o
 .debug_abbrev    0x001490         0xb8 build/default/production/geofence.o

.debug_line       0x000000       0x8fb8
 *(.debug_line)
 .debug_line      0x000000        0x387 build/default/production/config_memory.o
 .debug_line      0x000387         0x24 build/default/production/configuration_bits.o
 .debug_line      0x0003ab        0x622 build/default/production/crc.o
 .debug_line      0x0009cd         0x75 build/default/production/fonts.o
 .debug_line      0x000a42        0x4c8 build/default/production/i2c2.o
 .debug_line      0x000f0a         0x56 build/default/production/interrupts.o
 .debug_line      0x000f60        0x47a build/default/production/keypad.o
 .debug_line      0x0013da        0x8ad build/default/production/lcd.o
 .debug_line      0x001c87        0x285 build/default/production/ltc2943.o
 .debug_line      0x001f0c       0x5059 build/default/production/main.o
 .debug_line      0x006f65        0x24c build/default/production/queue.o
 .debug_line      0x0071b1        0x21e build/default/production/tmr2.o
 .debug_line      0x0073cf        0x1d5 build/default/production/traps.o
 .debug_line      0x0075a4        0x641 build/default/production/uart1_queued.o
 .debug_line      0x007be5        0x539 build/default/production/uc1701x.o
 .debug_line      0x00811e        0xa8c build/default/production/coords.o
 .debug_line      0x008baa        0x2c2 build/default/production/mc24aa512_i2c2.o
 .debug_line      0x008e6c        0x14c build/default/production/geofence.o

.debug_frame      0x000000       0x10d8
 *(.debug_frame)
 .debug_frame     0x000000         0x84 build/default/production/config_memory.o
 .debug_frame     0x000084         0xf4 build/default/production/crc.o
 .debug_frame     0x000178         0xd4 build/default/production/i2c2.o
 .debug_frame     0x00024c         0x24 build/default/production/interrupts.o
 .debug_frame     0x000270         0x74 build/default/production/keypad.o
 .debug_frame     0x0002e4         0x64 build/default/production/lcd.o
 .debug_frame     0x000348         0x84 build/default/production/ltc2943.o
 .debug_frame     0x0003cc        0x6b8 build/default/production/main.o
 .debug_frame     0x000a84         0x74 build/default/production/queue.o
 .debug_frame     0x000af8         0x54 build/default/production/tmr2.o
 .debug_frame     0x000b4c         0x94 build/default/production/traps.o
 .debug_frame     0x000be0         0xd4 build/default/production/uart1_queued.o
 .debug_frame     0x000cb4        0x124 build/default/production/uc1701x.o
 .debug_frame     0x000dd8        0x288 build/default/production/coords.o
 .debug_frame     0x001060         0x44 build/default/production/mc24aa512_i2c2.o
 .debug_frame     0x0010a4         0x34 build/default/production/geofence.o

.debug_str        0x000000       0x132c
 *(.debug_str)
 .debug_str       0x000000         0x15 build/default/production/config_memory.o
 .debug_str       0x000015         0x44 build/default/production/crc.o
 .debug_str       0x000059         0x54 build/default/production/i2c2.o
 .debug_str       0x0000ad         0xa0 build/default/production/keypad.o
 .debug_str       0x00014d        0xe6e build/default/production/lcd.o
 .debug_str       0x000fbb        0x1c6 build/default/production/main.o
 .debug_str       0x001181         0x3a build/default/production/tmr2.o
 .debug_str       0x0011bb          0xc build/default/production/traps.o
 .debug_str       0x0011c7         0x69 build/default/production/uart1_queued.o
 .debug_str       0x001230         0x89 build/default/production/uc1701x.o
 .debug_str       0x0012b9         0x66 build/default/production/coords.o
 .debug_str       0x00131f          0xd build/default/production/mc24aa512_i2c2.o

.debug_loc
 *(.debug_loc)

.debug_macinfo
 *(.debug_macinfo)

.debug_pubnames
                  0x000000       0x1cce
 *(.debug_pubnames)
 .debug_pubnames
                  0x000000         0x96 build/default/production/config_memory.o
 .debug_pubnames
                  0x000096         0xd8 build/default/production/crc.o
 .debug_pubnames
                  0x00016e       0x126e build/default/production/fonts.o
 .debug_pubnames
                  0x0013dc         0xe6 build/default/production/i2c2.o
 .debug_pubnames
                  0x0014c2         0x28 build/default/production/interrupts.o
 .debug_pubnames
                  0x0014ea         0xa4 build/default/production/keypad.o
 .debug_pubnames
                  0x00158e         0x93 build/default/production/lcd.o
 .debug_pubnames
                  0x001621         0xc4 build/default/production/ltc2943.o
 .debug_pubnames
                  0x0016e5         0x98 build/default/production/main.o
 .debug_pubnames
                  0x00177d         0x69 build/default/production/queue.o
 .debug_pubnames
                  0x0017e6         0x56 build/default/production/tmr2.o
 .debug_pubnames
                  0x00183c         0xa8 build/default/production/traps.o
 .debug_pubnames
                  0x0018e4         0xf9 build/default/production/uart1_queued.o
 .debug_pubnames
                  0x0019dd        0x1c7 build/default/production/uc1701x.o
 .debug_pubnames
                  0x001ba4         0xb3 build/default/production/coords.o
 .debug_pubnames
                  0x001c57         0x4b build/default/production/mc24aa512_i2c2.o
 .debug_pubnames
                  0x001ca2         0x2c build/default/production/geofence.o

.debug_ranges
 *(.debug_ranges)

.debug_aranges    0x000000        0x180
 *(.debug_aranges)
 .debug_aranges
                  0x000000         0x18 build/default/production/config_memory.o
 .debug_aranges
                  0x000018         0x18 build/default/production/crc.o
 .debug_aranges
                  0x000030         0x18 build/default/production/i2c2.o
 .debug_aranges
                  0x000048         0x18 build/default/production/interrupts.o
 .debug_aranges
                  0x000060         0x18 build/default/production/keypad.o
 .debug_aranges
                  0x000078         0x18 build/default/production/lcd.o
 .debug_aranges
                  0x000090         0x18 build/default/production/ltc2943.o
 .debug_aranges
                  0x0000a8         0x18 build/default/production/main.o
 .debug_aranges
                  0x0000c0         0x18 build/default/production/queue.o
 .debug_aranges
                  0x0000d8         0x18 build/default/production/tmr2.o
 .debug_aranges
                  0x0000f0         0x18 build/default/production/traps.o
 .debug_aranges
                  0x000108         0x18 build/default/production/uart1_queued.o
 .debug_aranges
                  0x000120         0x18 build/default/production/uc1701x.o
 .debug_aranges
                  0x000138         0x18 build/default/production/coords.o
 .debug_aranges
                  0x000150         0x18 build/default/production/mc24aa512_i2c2.o
 .debug_aranges
                  0x000168         0x18 build/default/production/geofence.o

.ivt              0x000004         0xfc
                  0x000004          0x4 LONG 0x2d6 DEFINED (__ReservedTrap0)?ABSOLUTE (__ReservedTrap0):ABSOLUTE (__DefaultInterrupt)
                  0x000006          0x4 LONG 0x2da DEFINED (__OscillatorFail)?ABSOLUTE (__OscillatorFail):ABSOLUTE (__DefaultInterrupt)
                  0x000008          0x4 LONG 0x2e0 DEFINED (__AddressError)?ABSOLUTE (__AddressError):ABSOLUTE (__DefaultInterrupt)
                  0x00000a          0x4 LONG 0x2e6 DEFINED (__StackError)?ABSOLUTE (__StackError):ABSOLUTE (__DefaultInterrupt)
                  0x00000c          0x4 LONG 0x2ec DEFINED (__MathError)?ABSOLUTE (__MathError):ABSOLUTE (__DefaultInterrupt)
                  0x00000e          0x4 LONG 0x2d6 DEFINED (__ReservedTrap5)?ABSOLUTE (__ReservedTrap5):ABSOLUTE (__DefaultInterrupt)
                  0x000010          0x4 LONG 0x2d6 DEFINED (__ReservedTrap6)?ABSOLUTE (__ReservedTrap6):ABSOLUTE (__DefaultInterrupt)
                  0x000012          0x4 LONG 0x2d6 DEFINED (__ReservedTrap7)?ABSOLUTE (__ReservedTrap7):ABSOLUTE (__DefaultInterrupt)
                  0x000014          0x4 LONG 0x2d6 DEFINED (__INT0Interrupt)?ABSOLUTE (__INT0Interrupt):ABSOLUTE (__DefaultInterrupt)
                  0x000016          0x4 LONG 0x2d6 DEFINED (__IC1Interrupt)?ABSOLUTE (__IC1Interrupt):ABSOLUTE (__DefaultInterrupt)
                  0x000018          0x4 LONG 0x2d6 DEFINED (__OC1Interrupt)?ABSOLUTE (__OC1Interrupt):ABSOLUTE (__DefaultInterrupt)
                  0x00001a          0x4 LONG 0x2d6 DEFINED (__T1Interrupt)?ABSOLUTE (__T1Interrupt):ABSOLUTE (__DefaultInterrupt)
                  0x00001c          0x4 LONG 0x2d6 DEFINED (__DMA0Interrupt)?ABSOLUTE (__DMA0Interrupt):ABSOLUTE (__DefaultInterrupt)
                  0x00001e          0x4 LONG 0x2d6 DEFINED (__IC2Interrupt)?ABSOLUTE (__IC2Interrupt):ABSOLUTE (__DefaultInterrupt)
                  0x000020          0x4 LONG 0x2d6 DEFINED (__OC2Interrupt)?ABSOLUTE (__OC2Interrupt):ABSOLUTE (__DefaultInterrupt)
                  0x000022          0x4 LONG 0xd07c DEFINED (__T2Interrupt)?ABSOLUTE (__T2Interrupt):ABSOLUTE (__DefaultInterrupt)
                  0x000024          0x4 LONG 0xc9b4 DEFINED (__T3Interrupt)?ABSOLUTE (__T3Interrupt):ABSOLUTE (__DefaultInterrupt)
                  0x000026          0x4 LONG 0x2d6 DEFINED (__SPI1Interrupt)?ABSOLUTE (__SPI1Interrupt):ABSOLUTE (__DefaultInterrupt)
                  0x000028          0x4 LONG 0x2d6 DEFINED (__SPI1TXInterrupt)?ABSOLUTE (__SPI1TXInterrupt):ABSOLUTE (__DefaultInterrupt)
                  0x00002a          0x4 LONG 0xb69a DEFINED (__U1RXInterrupt)?ABSOLUTE (__U1RXInterrupt):ABSOLUTE (__DefaultInterrupt)
                  0x00002c          0x4 LONG 0xb796 DEFINED (__U1TXInterrupt)?ABSOLUTE (__U1TXInterrupt):ABSOLUTE (__DefaultInterrupt)
                  0x00002e          0x4 LONG 0x2d6 DEFINED (__ADC1Interrupt)?ABSOLUTE (__ADC1Interrupt):ABSOLUTE (__DefaultInterrupt)
                  0x000030          0x4 LONG 0x2d6 DEFINED (__DMA1Interrupt)?ABSOLUTE (__DMA1Interrupt):ABSOLUTE (__DefaultInterrupt)
                  0x000032          0x4 LONG 0x2d6 DEFINED (__Interrupt15)?ABSOLUTE (__Interrupt15):ABSOLUTE (__DefaultInterrupt)
                  0x000034          0x4 LONG 0x2d6 DEFINED (__SI2C1Interrupt)?ABSOLUTE (__SI2C1Interrupt):ABSOLUTE (__DefaultInterrupt)
                  0x000036          0x4 LONG 0x2d6 DEFINED (__MI2C1Interrupt)?ABSOLUTE (__MI2C1Interrupt):ABSOLUTE (__DefaultInterrupt)
                  0x000038          0x4 LONG 0x2d6 DEFINED (__CompInterrupt)?ABSOLUTE (__CompInterrupt):ABSOLUTE (__DefaultInterrupt)
                  0x00003a          0x4 LONG 0x2d6 DEFINED (__CNInterrupt)?ABSOLUTE (__CNInterrupt):ABSOLUTE (__DefaultInterrupt)
                  0x00003c          0x4 LONG 0x2d6 DEFINED (__INT1Interrupt)?ABSOLUTE (__INT1Interrupt):ABSOLUTE (__DefaultInterrupt)
                  0x00003e          0x4 LONG 0x2d6 DEFINED (__Interrupt21)?ABSOLUTE (__Interrupt21):ABSOLUTE (__DefaultInterrupt)
                  0x000040          0x4 LONG 0x2d6 DEFINED (__Interrupt22)?ABSOLUTE (__Interrupt22):ABSOLUTE (__DefaultInterrupt)
                  0x000042          0x4 LONG 0x2d6 DEFINED (__Interrupt23)?ABSOLUTE (__Interrupt23):ABSOLUTE (__DefaultInterrupt)
                  0x000044          0x4 LONG 0x2d6 DEFINED (__DMA2Interrupt)?ABSOLUTE (__DMA2Interrupt):ABSOLUTE (__DefaultInterrupt)
                  0x000046          0x4 LONG 0x2d6 DEFINED (__OC3Interrupt)?ABSOLUTE (__OC3Interrupt):ABSOLUTE (__DefaultInterrupt)
                  0x000048          0x4 LONG 0x2d6 DEFINED (__OC4Interrupt)?ABSOLUTE (__OC4Interrupt):ABSOLUTE (__DefaultInterrupt)
                  0x00004a          0x4 LONG 0x2d6 DEFINED (__T4Interrupt)?ABSOLUTE (__T4Interrupt):ABSOLUTE (__DefaultInterrupt)
                  0x00004c          0x4 LONG 0x2d6 DEFINED (__T5Interrupt)?ABSOLUTE (__T5Interrupt):ABSOLUTE (__DefaultInterrupt)
                  0x00004e          0x4 LONG 0xcae6 DEFINED (__INT2Interrupt)?ABSOLUTE (__INT2Interrupt):ABSOLUTE (__DefaultInterrupt)
                  0x000050          0x4 LONG 0x2d6 DEFINED (__U2RXInterrupt)?ABSOLUTE (__U2RXInterrupt):ABSOLUTE (__DefaultInterrupt)
                  0x000052          0x4 LONG 0x2d6 DEFINED (__U2TXInterrupt)?ABSOLUTE (__U2TXInterrupt):ABSOLUTE (__DefaultInterrupt)
                  0x000054          0x4 LONG 0x2d6 DEFINED (__SPI2Interrupt)?ABSOLUTE (__SPI2Interrupt):ABSOLUTE (__DefaultInterrupt)
                  0x000056          0x4 LONG 0x2d6 DEFINED (__SPI2TXInterrupt)?ABSOLUTE (__SPI2TXInterrupt):ABSOLUTE (__DefaultInterrupt)
                  0x000058          0x4 LONG 0x2d6 DEFINED (__Interrupt34)?ABSOLUTE (__Interrupt34):ABSOLUTE (__DefaultInterrupt)
                  0x00005a          0x4 LONG 0x2d6 DEFINED (__Interrupt35)?ABSOLUTE (__Interrupt35):ABSOLUTE (__DefaultInterrupt)
                  0x00005c          0x4 LONG 0x2d6 DEFINED (__DMA3Interrupt)?ABSOLUTE (__DMA3Interrupt):ABSOLUTE (__DefaultInterrupt)
                  0x00005e          0x4 LONG 0x2d6 DEFINED (__IC3Interrupt)?ABSOLUTE (__IC3Interrupt):ABSOLUTE (__DefaultInterrupt)
                  0x000060          0x4 LONG 0x2d6 DEFINED (__IC4Interrupt)?ABSOLUTE (__IC4Interrupt):ABSOLUTE (__DefaultInterrupt)
                  0x000062          0x4 LONG 0x2d6 DEFINED (__IC5Interrupt)?ABSOLUTE (__IC5Interrupt):ABSOLUTE (__DefaultInterrupt)
                  0x000064          0x4 LONG 0x2d6 DEFINED (__IC6Interrupt)?ABSOLUTE (__IC6Interrupt):ABSOLUTE (__DefaultInterrupt)
                  0x000066          0x4 LONG 0x2d6 DEFINED (__OC5Interrupt)?ABSOLUTE (__OC5Interrupt):ABSOLUTE (__DefaultInterrupt)
                  0x000068          0x4 LONG 0x2d6 DEFINED (__OC6Interrupt)?ABSOLUTE (__OC6Interrupt):ABSOLUTE (__DefaultInterrupt)
                  0x00006a          0x4 LONG 0x2d6 DEFINED (__Interrupt43)?ABSOLUTE (__Interrupt43):ABSOLUTE (__DefaultInterrupt)
                  0x00006c          0x4 LONG 0x2d6 DEFINED (__Interrupt44)?ABSOLUTE (__Interrupt44):ABSOLUTE (__DefaultInterrupt)
                  0x00006e          0x4 LONG 0x2d6 DEFINED (__PMPInterrupt)?ABSOLUTE (__PMPInterrupt):ABSOLUTE (__DefaultInterrupt)
                  0x000070          0x4 LONG 0x2d6 DEFINED (__DMA4Interrupt)?ABSOLUTE (__DMA4Interrupt):ABSOLUTE (__DefaultInterrupt)
                  0x000072          0x4 LONG 0x2d6 DEFINED (__Interrupt47)?ABSOLUTE (__Interrupt47):ABSOLUTE (__DefaultInterrupt)
                  0x000074          0x4 LONG 0x2d6 DEFINED (__Interrupt48)?ABSOLUTE (__Interrupt48):ABSOLUTE (__DefaultInterrupt)
                  0x000076          0x4 LONG 0xcd12 DEFINED (__SI2C2Interrupt)?ABSOLUTE (__SI2C2Interrupt):ABSOLUTE (__DefaultInterrupt)
                  0x000078          0x4 LONG 0xcd18 DEFINED (__MI2C2Interrupt)?ABSOLUTE (__MI2C2Interrupt):ABSOLUTE (__DefaultInterrupt)
                  0x00007a          0x4 LONG 0x2d6 DEFINED (__Interrupt51)?ABSOLUTE (__Interrupt51):ABSOLUTE (__DefaultInterrupt)
                  0x00007c          0x4 LONG 0x2d6 DEFINED (__Interrupt52)?ABSOLUTE (__Interrupt52):ABSOLUTE (__DefaultInterrupt)
                  0x00007e          0x4 LONG 0x2d6 DEFINED (__INT3Interrupt)?ABSOLUTE (__INT3Interrupt):ABSOLUTE (__DefaultInterrupt)
                  0x000080          0x4 LONG 0x2d6 DEFINED (__INT4Interrupt)?ABSOLUTE (__INT4Interrupt):ABSOLUTE (__DefaultInterrupt)
                  0x000082          0x4 LONG 0x2d6 DEFINED (__CRYPTOInterrupt)?ABSOLUTE (__CRYPTOInterrupt):ABSOLUTE (__DefaultInterrupt)
                  0x000084          0x4 LONG 0x2d6 DEFINED (__CRYPTOKeyInterrupt)?ABSOLUTE (__CRYPTOKeyInterrupt):ABSOLUTE (__DefaultInterrupt)
                  0x000086          0x4 LONG 0x2d6 DEFINED (__Interrupt57)?ABSOLUTE (__Interrupt57):ABSOLUTE (__DefaultInterrupt)
                  0x000088          0x4 LONG 0x2d6 DEFINED (__SPI1RXInterrupt)?ABSOLUTE (__SPI1RXInterrupt):ABSOLUTE (__DefaultInterrupt)
                  0x00008a          0x4 LONG 0x2d6 DEFINED (__SPI2RXInterrupt)?ABSOLUTE (__SPI2RXInterrupt):ABSOLUTE (__DefaultInterrupt)
                  0x00008c          0x4 LONG 0x2d6 DEFINED (__SPI3RXInterrupt)?ABSOLUTE (__SPI3RXInterrupt):ABSOLUTE (__DefaultInterrupt)
                  0x00008e          0x4 LONG 0x2d6 DEFINED (__DMA5Interrupt)?ABSOLUTE (__DMA5Interrupt):ABSOLUTE (__DefaultInterrupt)
                  0x000090          0x4 LONG 0x2d6 DEFINED (__RTCCInterrupt)?ABSOLUTE (__RTCCInterrupt):ABSOLUTE (__DefaultInterrupt)
                  0x000092          0x4 LONG 0x2d6 DEFINED (__Interrupt63)?ABSOLUTE (__Interrupt63):ABSOLUTE (__DefaultInterrupt)
                  0x000094          0x4 LONG 0x2d6 DEFINED (__Interrupt64)?ABSOLUTE (__Interrupt64):ABSOLUTE (__DefaultInterrupt)
                  0x000096          0x4 LONG 0xb7dc DEFINED (__U1ErrInterrupt)?ABSOLUTE (__U1ErrInterrupt):ABSOLUTE (__DefaultInterrupt)
                  0x000098          0x4 LONG 0x2d6 DEFINED (__U2ErrInterrupt)?ABSOLUTE (__U2ErrInterrupt):ABSOLUTE (__DefaultInterrupt)
                  0x00009a          0x4 LONG 0x2d6 DEFINED (__CRCInterrupt)?ABSOLUTE (__CRCInterrupt):ABSOLUTE (__DefaultInterrupt)
                  0x00009c          0x4 LONG 0x2d6 DEFINED (__Interrupt68)?ABSOLUTE (__Interrupt68):ABSOLUTE (__DefaultInterrupt)
                  0x00009e          0x4 LONG 0x2d6 DEFINED (__Interrupt69)?ABSOLUTE (__Interrupt69):ABSOLUTE (__DefaultInterrupt)
                  0x0000a0          0x4 LONG 0x2d6 DEFINED (__Interrupt70)?ABSOLUTE (__Interrupt70):ABSOLUTE (__DefaultInterrupt)
                  0x0000a2          0x4 LONG 0x2d6 DEFINED (__Interrupt71)?ABSOLUTE (__Interrupt71):ABSOLUTE (__DefaultInterrupt)
                  0x0000a4          0x4 LONG 0x2d6 DEFINED (__LVDInterrupt)?ABSOLUTE (__LVDInterrupt):ABSOLUTE (__DefaultInterrupt)
                  0x0000a6          0x4 LONG 0x2d6 DEFINED (__Interrupt73)?ABSOLUTE (__Interrupt73):ABSOLUTE (__DefaultInterrupt)
                  0x0000a8          0x4 LONG 0x2d6 DEFINED (__Interrupt74)?ABSOLUTE (__Interrupt74):ABSOLUTE (__DefaultInterrupt)
                  0x0000aa          0x4 LONG 0x2d6 DEFINED (__Interrupt75)?ABSOLUTE (__Interrupt75):ABSOLUTE (__DefaultInterrupt)
                  0x0000ac          0x4 LONG 0x2d6 DEFINED (__Interrupt76)?ABSOLUTE (__Interrupt76):ABSOLUTE (__DefaultInterrupt)
                  0x0000ae          0x4 LONG 0x2d6 DEFINED (__CTMUInterrupt)?ABSOLUTE (__CTMUInterrupt):ABSOLUTE (__DefaultInterrupt)
                  0x0000b0          0x4 LONG 0x2d6 DEFINED (__Interrupt78)?ABSOLUTE (__Interrupt78):ABSOLUTE (__DefaultInterrupt)
                  0x0000b2          0x4 LONG 0x2d6 DEFINED (__Interrupt79)?ABSOLUTE (__Interrupt79):ABSOLUTE (__DefaultInterrupt)
                  0x0000b4          0x4 LONG 0x2d6 DEFINED (__Interrupt80)?ABSOLUTE (__Interrupt80):ABSOLUTE (__DefaultInterrupt)
                  0x0000b6          0x4 LONG 0x2d6 DEFINED (__U3ErrInterrupt)?ABSOLUTE (__U3ErrInterrupt):ABSOLUTE (__DefaultInterrupt)
                  0x0000b8          0x4 LONG 0x2d6 DEFINED (__U3RXInterrupt)?ABSOLUTE (__U3RXInterrupt):ABSOLUTE (__DefaultInterrupt)
                  0x0000ba          0x4 LONG 0x2d6 DEFINED (__U3TXInterrupt)?ABSOLUTE (__U3TXInterrupt):ABSOLUTE (__DefaultInterrupt)
                  0x0000bc          0x4 LONG 0x2d6 DEFINED (__I2C1BCLInterrupt)?ABSOLUTE (__I2C1BCLInterrupt):ABSOLUTE (__DefaultInterrupt)
                  0x0000be          0x4 LONG 0x2d6 DEFINED (__I2C2BCLInterrupt)?ABSOLUTE (__I2C2BCLInterrupt):ABSOLUTE (__DefaultInterrupt)
                  0x0000c0          0x4 LONG 0x2d6 DEFINED (__USB1Interrupt)?ABSOLUTE (__USB1Interrupt):ABSOLUTE (__DefaultInterrupt)
                  0x0000c2          0x4 LONG 0x2d6 DEFINED (__U4ErrInterrupt)?ABSOLUTE (__U4ErrInterrupt):ABSOLUTE (__DefaultInterrupt)
                  0x0000c4          0x4 LONG 0x2d6 DEFINED (__U4RXInterrupt)?ABSOLUTE (__U4RXInterrupt):ABSOLUTE (__DefaultInterrupt)
                  0x0000c6          0x4 LONG 0x2d6 DEFINED (__U4TXInterrupt)?ABSOLUTE (__U4TXInterrupt):ABSOLUTE (__DefaultInterrupt)
                  0x0000c8          0x4 LONG 0x2d6 DEFINED (__SPI3Interrupt)?ABSOLUTE (__SPI3Interrupt):ABSOLUTE (__DefaultInterrupt)
                  0x0000ca          0x4 LONG 0x2d6 DEFINED (__SPI3TXInterrupt)?ABSOLUTE (__SPI3TXInterrupt):ABSOLUTE (__DefaultInterrupt)
                  0x0000cc          0x4 LONG 0x2d6 DEFINED (__Interrupt92)?ABSOLUTE (__Interrupt92):ABSOLUTE (__DefaultInterrupt)
                  0x0000ce          0x4 LONG 0x2d6 DEFINED (__Interrupt93)?ABSOLUTE (__Interrupt93):ABSOLUTE (__DefaultInterrupt)
                  0x0000d0          0x4 LONG 0x2d6 DEFINED (__Interrupt94)?ABSOLUTE (__Interrupt94):ABSOLUTE (__DefaultInterrupt)
                  0x0000d2          0x4 LONG 0x2d6 DEFINED (__Interrupt95)?ABSOLUTE (__Interrupt95):ABSOLUTE (__DefaultInterrupt)
                  0x0000d4          0x4 LONG 0x2d6 DEFINED (__Interrupt96)?ABSOLUTE (__Interrupt96):ABSOLUTE (__DefaultInterrupt)
                  0x0000d6          0x4 LONG 0x2d6 DEFINED (__Interrupt97)?ABSOLUTE (__Interrupt97):ABSOLUTE (__DefaultInterrupt)
                  0x0000d8          0x4 LONG 0x2d6 DEFINED (__Interrupt98)?ABSOLUTE (__Interrupt98):ABSOLUTE (__DefaultInterrupt)
                  0x0000da          0x4 LONG 0x2d6 DEFINED (__Interrupt99)?ABSOLUTE (__Interrupt99):ABSOLUTE (__DefaultInterrupt)
                  0x0000dc          0x4 LONG 0x2d6 DEFINED (__Interrupt100)?ABSOLUTE (__Interrupt100):ABSOLUTE (__DefaultInterrupt)
                  0x0000de          0x4 LONG 0x2d6 DEFINED (__Interrupt101)?ABSOLUTE (__Interrupt101):ABSOLUTE (__DefaultInterrupt)
                  0x0000e0          0x4 LONG 0x2d6 DEFINED (__Interrupt102)?ABSOLUTE (__Interrupt102):ABSOLUTE (__DefaultInterrupt)
                  0x0000e2          0x4 LONG 0x2d6 DEFINED (__Interrupt103)?ABSOLUTE (__Interrupt103):ABSOLUTE (__DefaultInterrupt)
                  0x0000e4          0x4 LONG 0x2d6 DEFINED (__Interrupt104)?ABSOLUTE (__Interrupt104):ABSOLUTE (__DefaultInterrupt)
                  0x0000e6          0x4 LONG 0x2d6 DEFINED (__Interrupt105)?ABSOLUTE (__Interrupt105):ABSOLUTE (__DefaultInterrupt)
                  0x0000e8          0x4 LONG 0x2d6 DEFINED (__FSTInterrupt)?ABSOLUTE (__FSTInterrupt):ABSOLUTE (__DefaultInterrupt)
                  0x0000ea          0x4 LONG 0x2d6 DEFINED (__Interrupt107)?ABSOLUTE (__Interrupt107):ABSOLUTE (__DefaultInterrupt)
                  0x0000ec          0x4 LONG 0x2d6 DEFINED (__Interrupt108)?ABSOLUTE (__Interrupt108):ABSOLUTE (__DefaultInterrupt)
                  0x0000ee          0x4 LONG 0x2d6 DEFINED (__Interrupt109)?ABSOLUTE (__Interrupt109):ABSOLUTE (__DefaultInterrupt)
                  0x0000f0          0x4 LONG 0x2d6 DEFINED (__Interrupt110)?ABSOLUTE (__Interrupt110):ABSOLUTE (__DefaultInterrupt)
                  0x0000f2          0x4 LONG 0x2d6 DEFINED (__Interrupt111)?ABSOLUTE (__Interrupt111):ABSOLUTE (__DefaultInterrupt)
                  0x0000f4          0x4 LONG 0x2d6 DEFINED (__Interrupt112)?ABSOLUTE (__Interrupt112):ABSOLUTE (__DefaultInterrupt)
                  0x0000f6          0x4 LONG 0x2d6 DEFINED (__Interrupt113)?ABSOLUTE (__Interrupt113):ABSOLUTE (__DefaultInterrupt)
                  0x0000f8          0x4 LONG 0x2d6 DEFINED (__Interrupt114)?ABSOLUTE (__Interrupt114):ABSOLUTE (__DefaultInterrupt)
                  0x0000fa          0x4 LONG 0x2d6 DEFINED (__Interrupt115)?ABSOLUTE (__Interrupt115):ABSOLUTE (__DefaultInterrupt)
                  0x0000fc          0x4 LONG 0x2d6 DEFINED (__Interrupt116)?ABSOLUTE (__Interrupt116):ABSOLUTE (__DefaultInterrupt)
                  0x0000fe          0x4 LONG 0x2d6 DEFINED (__JTAGInterrupt)?ABSOLUTE (__JTAGInterrupt):ABSOLUTE (__DefaultInterrupt)

.aivt             0x000104         0xfc
                  0x000104          0x4 LONG 0x2d6 DEFINED (__AltReservedTrap0)?ABSOLUTE (__AltReservedTrap0):DEFINED (__ReservedTrap0)?ABSOLUTE (__ReservedTrap0):ABSOLUTE (__DefaultInterrupt)
                  0x000106          0x4 LONG 0x2f2 DEFINED (__AltOscillatorFail)?ABSOLUTE (__AltOscillatorFail):DEFINED (__OscillatorFail)?ABSOLUTE (__OscillatorFail):ABSOLUTE (__DefaultInterrupt)
                  0x000108          0x4 LONG 0x2f8 DEFINED (__AltAddressError)?ABSOLUTE (__AltAddressError):DEFINED (__AddressError)?ABSOLUTE (__AddressError):ABSOLUTE (__DefaultInterrupt)
                  0x00010a          0x4 LONG 0x2fe DEFINED (__AltStackError)?ABSOLUTE (__AltStackError):DEFINED (__StackError)?ABSOLUTE (__StackError):ABSOLUTE (__DefaultInterrupt)
                  0x00010c          0x4 LONG 0x304 DEFINED (__AltMathError)?ABSOLUTE (__AltMathError):DEFINED (__MathError)?ABSOLUTE (__MathError):ABSOLUTE (__DefaultInterrupt)
                  0x00010e          0x4 LONG 0x2d6 DEFINED (__AltReservedTrap5)?ABSOLUTE (__AltReservedTrap5):DEFINED (__ReservedTrap5)?ABSOLUTE (__ReservedTrap5):ABSOLUTE (__DefaultInterrupt)
                  0x000110          0x4 LONG 0x2d6 DEFINED (__AltReservedTrap6)?ABSOLUTE (__AltReservedTrap6):DEFINED (__ReservedTrap6)?ABSOLUTE (__ReservedTrap6):ABSOLUTE (__DefaultInterrupt)
                  0x000112          0x4 LONG 0x2d6 DEFINED (__AltReservedTrap7)?ABSOLUTE (__AltReservedTrap7):DEFINED (__ReservedTrap7)?ABSOLUTE (__ReservedTrap7):ABSOLUTE (__DefaultInterrupt)
                  0x000114          0x4 LONG 0x2d6 DEFINED (__AltINT0Interrupt)?ABSOLUTE (__AltINT0Interrupt):DEFINED (__INT0Interrupt)?ABSOLUTE (__INT0Interrupt):ABSOLUTE (__DefaultInterrupt)
                  0x000116          0x4 LONG 0x2d6 DEFINED (__AltIC1Interrupt)?ABSOLUTE (__AltIC1Interrupt):DEFINED (__IC1Interrupt)?ABSOLUTE (__IC1Interrupt):ABSOLUTE (__DefaultInterrupt)
                  0x000118          0x4 LONG 0x2d6 DEFINED (__AltOC1Interrupt)?ABSOLUTE (__AltOC1Interrupt):DEFINED (__OC1Interrupt)?ABSOLUTE (__OC1Interrupt):ABSOLUTE (__DefaultInterrupt)
                  0x00011a          0x4 LONG 0x2d6 DEFINED (__AltT1Interrupt)?ABSOLUTE (__AltT1Interrupt):DEFINED (__T1Interrupt)?ABSOLUTE (__T1Interrupt):ABSOLUTE (__DefaultInterrupt)
                  0x00011c          0x4 LONG 0x2d6 DEFINED (__AltDMA0Interrupt)?ABSOLUTE (__AltDMA0Interrupt):DEFINED (__DMA0Interrupt)?ABSOLUTE (__DMA0Interrupt):ABSOLUTE (__DefaultInterrupt)
                  0x00011e          0x4 LONG 0x2d6 DEFINED (__AltIC2Interrupt)?ABSOLUTE (__AltIC2Interrupt):DEFINED (__IC2Interrupt)?ABSOLUTE (__IC2Interrupt):ABSOLUTE (__DefaultInterrupt)
                  0x000120          0x4 LONG 0x2d6 DEFINED (__AltOC2Interrupt)?ABSOLUTE (__AltOC2Interrupt):DEFINED (__OC2Interrupt)?ABSOLUTE (__OC2Interrupt):ABSOLUTE (__DefaultInterrupt)
                  0x000122          0x4 LONG 0xd07c DEFINED (__AltT2Interrupt)?ABSOLUTE (__AltT2Interrupt):DEFINED (__T2Interrupt)?ABSOLUTE (__T2Interrupt):ABSOLUTE (__DefaultInterrupt)
                  0x000124          0x4 LONG 0xc9b4 DEFINED (__AltT3Interrupt)?ABSOLUTE (__AltT3Interrupt):DEFINED (__T3Interrupt)?ABSOLUTE (__T3Interrupt):ABSOLUTE (__DefaultInterrupt)
                  0x000126          0x4 LONG 0x2d6 DEFINED (__AltSPI1Interrupt)?ABSOLUTE (__AltSPI1Interrupt):DEFINED (__SPI1Interrupt)?ABSOLUTE (__SPI1Interrupt):ABSOLUTE (__DefaultInterrupt)
                  0x000128          0x4 LONG 0x2d6 DEFINED (__AltSPI1TXInterrupt)?ABSOLUTE (__AltSPI1TXInterrupt):DEFINED (__SPI1TXInterrupt)?ABSOLUTE (__SPI1TXInterrupt):ABSOLUTE (__DefaultInterrupt)
                  0x00012a          0x4 LONG 0xb69a DEFINED (__AltU1RXInterrupt)?ABSOLUTE (__AltU1RXInterrupt):DEFINED (__U1RXInterrupt)?ABSOLUTE (__U1RXInterrupt):ABSOLUTE (__DefaultInterrupt)
                  0x00012c          0x4 LONG 0xb796 DEFINED (__AltU1TXInterrupt)?ABSOLUTE (__AltU1TXInterrupt):DEFINED (__U1TXInterrupt)?ABSOLUTE (__U1TXInterrupt):ABSOLUTE (__DefaultInterrupt)
                  0x00012e          0x4 LONG 0x2d6 DEFINED (__AltADC1Interrupt)?ABSOLUTE (__AltADC1Interrupt):DEFINED (__ADC1Interrupt)?ABSOLUTE (__ADC1Interrupt):ABSOLUTE (__DefaultInterrupt)
                  0x000130          0x4 LONG 0x2d6 DEFINED (__AltDMA1Interrupt)?ABSOLUTE (__AltDMA1Interrupt):DEFINED (__DMA1Interrupt)?ABSOLUTE (__DMA1Interrupt):ABSOLUTE (__DefaultInterrupt)
                  0x000132          0x4 LONG 0x2d6 DEFINED (__AltInterrupt15)?ABSOLUTE (__AltInterrupt15):DEFINED (__Interrupt15)?ABSOLUTE (__Interrupt15):ABSOLUTE (__DefaultInterrupt)
                  0x000134          0x4 LONG 0x2d6 DEFINED (__AltSI2C1Interrupt)?ABSOLUTE (__AltSI2C1Interrupt):DEFINED (__SI2C1Interrupt)?ABSOLUTE (__SI2C1Interrupt):ABSOLUTE (__DefaultInterrupt)
                  0x000136          0x4 LONG 0x2d6 DEFINED (__AltMI2C1Interrupt)?ABSOLUTE (__AltMI2C1Interrupt):DEFINED (__MI2C1Interrupt)?ABSOLUTE (__MI2C1Interrupt):ABSOLUTE (__DefaultInterrupt)
                  0x000138          0x4 LONG 0x2d6 DEFINED (__AltCompInterrupt)?ABSOLUTE (__AltCompInterrupt):DEFINED (__CompInterrupt)?ABSOLUTE (__CompInterrupt):ABSOLUTE (__DefaultInterrupt)
                  0x00013a          0x4 LONG 0x2d6 DEFINED (__AltCNInterrupt)?ABSOLUTE (__AltCNInterrupt):DEFINED (__CNInterrupt)?ABSOLUTE (__CNInterrupt):ABSOLUTE (__DefaultInterrupt)
                  0x00013c          0x4 LONG 0x2d6 DEFINED (__AltINT1Interrupt)?ABSOLUTE (__AltINT1Interrupt):DEFINED (__INT1Interrupt)?ABSOLUTE (__INT1Interrupt):ABSOLUTE (__DefaultInterrupt)
                  0x00013e          0x4 LONG 0x2d6 DEFINED (__AltInterrupt21)?ABSOLUTE (__AltInterrupt21):DEFINED (__Interrupt21)?ABSOLUTE (__Interrupt21):ABSOLUTE (__DefaultInterrupt)
                  0x000140          0x4 LONG 0x2d6 DEFINED (__AltInterrupt22)?ABSOLUTE (__AltInterrupt22):DEFINED (__Interrupt22)?ABSOLUTE (__Interrupt22):ABSOLUTE (__DefaultInterrupt)
                  0x000142          0x4 LONG 0x2d6 DEFINED (__AltInterrupt23)?ABSOLUTE (__AltInterrupt23):DEFINED (__Interrupt23)?ABSOLUTE (__Interrupt23):ABSOLUTE (__DefaultInterrupt)
                  0x000144          0x4 LONG 0x2d6 DEFINED (__AltDMA2Interrupt)?ABSOLUTE (__AltDMA2Interrupt):DEFINED (__DMA2Interrupt)?ABSOLUTE (__DMA2Interrupt):ABSOLUTE (__DefaultInterrupt)
                  0x000146          0x4 LONG 0x2d6 DEFINED (__AltOC3Interrupt)?ABSOLUTE (__AltOC3Interrupt):DEFINED (__OC3Interrupt)?ABSOLUTE (__OC3Interrupt):ABSOLUTE (__DefaultInterrupt)
                  0x000148          0x4 LONG 0x2d6 DEFINED (__AltOC4Interrupt)?ABSOLUTE (__AltOC4Interrupt):DEFINED (__OC4Interrupt)?ABSOLUTE (__OC4Interrupt):ABSOLUTE (__DefaultInterrupt)
                  0x00014a          0x4 LONG 0x2d6 DEFINED (__AltT4Interrupt)?ABSOLUTE (__AltT4Interrupt):DEFINED (__T4Interrupt)?ABSOLUTE (__T4Interrupt):ABSOLUTE (__DefaultInterrupt)
                  0x00014c          0x4 LONG 0x2d6 DEFINED (__AltT5Interrupt)?ABSOLUTE (__AltT5Interrupt):DEFINED (__T5Interrupt)?ABSOLUTE (__T5Interrupt):ABSOLUTE (__DefaultInterrupt)
                  0x00014e          0x4 LONG 0xcae6 DEFINED (__AltINT2Interrupt)?ABSOLUTE (__AltINT2Interrupt):DEFINED (__INT2Interrupt)?ABSOLUTE (__INT2Interrupt):ABSOLUTE (__DefaultInterrupt)
                  0x000150          0x4 LONG 0x2d6 DEFINED (__AltU2RXInterrupt)?ABSOLUTE (__AltU2RXInterrupt):DEFINED (__U2RXInterrupt)?ABSOLUTE (__U2RXInterrupt):ABSOLUTE (__DefaultInterrupt)
                  0x000152          0x4 LONG 0x2d6 DEFINED (__AltU2TXInterrupt)?ABSOLUTE (__AltU2TXInterrupt):DEFINED (__U2TXInterrupt)?ABSOLUTE (__U2TXInterrupt):ABSOLUTE (__DefaultInterrupt)
                  0x000154          0x4 LONG 0x2d6 DEFINED (__AltSPI2Interrupt)?ABSOLUTE (__AltSPI2Interrupt):DEFINED (__SPI2Interrupt)?ABSOLUTE (__SPI2Interrupt):ABSOLUTE (__DefaultInterrupt)
                  0x000156          0x4 LONG 0x2d6 DEFINED (__AltSPI2TXInterrupt)?ABSOLUTE (__AltSPI2TXInterrupt):DEFINED (__SPI2TXInterrupt)?ABSOLUTE (__SPI2TXInterrupt):ABSOLUTE (__DefaultInterrupt)
                  0x000158          0x4 LONG 0x2d6 DEFINED (__AltInterrupt34)?ABSOLUTE (__AltInterrupt34):DEFINED (__Interrupt34)?ABSOLUTE (__Interrupt34):ABSOLUTE (__DefaultInterrupt)
                  0x00015a          0x4 LONG 0x2d6 DEFINED (__AltInterrupt35)?ABSOLUTE (__AltInterrupt35):DEFINED (__Interrupt35)?ABSOLUTE (__Interrupt35):ABSOLUTE (__DefaultInterrupt)
                  0x00015c          0x4 LONG 0x2d6 DEFINED (__AltDMA3Interrupt)?ABSOLUTE (__AltDMA3Interrupt):DEFINED (__DMA3Interrupt)?ABSOLUTE (__DMA3Interrupt):ABSOLUTE (__DefaultInterrupt)
                  0x00015e          0x4 LONG 0x2d6 DEFINED (__AltIC3Interrupt)?ABSOLUTE (__AltIC3Interrupt):DEFINED (__IC3Interrupt)?ABSOLUTE (__IC3Interrupt):ABSOLUTE (__DefaultInterrupt)
                  0x000160          0x4 LONG 0x2d6 DEFINED (__AltIC4Interrupt)?ABSOLUTE (__AltIC4Interrupt):DEFINED (__IC4Interrupt)?ABSOLUTE (__IC4Interrupt):ABSOLUTE (__DefaultInterrupt)
                  0x000162          0x4 LONG 0x2d6 DEFINED (__AltIC5Interrupt)?ABSOLUTE (__AltIC5Interrupt):DEFINED (__IC5Interrupt)?ABSOLUTE (__IC5Interrupt):ABSOLUTE (__DefaultInterrupt)
                  0x000164          0x4 LONG 0x2d6 DEFINED (__AltIC6Interrupt)?ABSOLUTE (__AltIC6Interrupt):DEFINED (__IC6Interrupt)?ABSOLUTE (__IC6Interrupt):ABSOLUTE (__DefaultInterrupt)
                  0x000166          0x4 LONG 0x2d6 DEFINED (__AltOC5Interrupt)?ABSOLUTE (__AltOC5Interrupt):DEFINED (__OC5Interrupt)?ABSOLUTE (__OC5Interrupt):ABSOLUTE (__DefaultInterrupt)
                  0x000168          0x4 LONG 0x2d6 DEFINED (__AltOC6Interrupt)?ABSOLUTE (__AltOC6Interrupt):DEFINED (__OC6Interrupt)?ABSOLUTE (__OC6Interrupt):ABSOLUTE (__DefaultInterrupt)
                  0x00016a          0x4 LONG 0x2d6 DEFINED (__AltInterrupt43)?ABSOLUTE (__AltInterrupt43):DEFINED (__Interrupt43)?ABSOLUTE (__Interrupt43):ABSOLUTE (__DefaultInterrupt)
                  0x00016c          0x4 LONG 0x2d6 DEFINED (__AltInterrupt44)?ABSOLUTE (__AltInterrupt44):DEFINED (__Interrupt44)?ABSOLUTE (__Interrupt44):ABSOLUTE (__DefaultInterrupt)
                  0x00016e          0x4 LONG 0x2d6 DEFINED (__AltPMPInterrupt)?ABSOLUTE (__AltPMPInterrupt):DEFINED (__PMPInterrupt)?ABSOLUTE (__PMPInterrupt):ABSOLUTE (__DefaultInterrupt)
                  0x000170          0x4 LONG 0x2d6 DEFINED (__AltDMA4Interrupt)?ABSOLUTE (__AltDMA4Interrupt):DEFINED (__DMA4Interrupt)?ABSOLUTE (__DMA4Interrupt):ABSOLUTE (__DefaultInterrupt)
                  0x000172          0x4 LONG 0x2d6 DEFINED (__AltInterrupt47)?ABSOLUTE (__AltInterrupt47):DEFINED (__Interrupt47)?ABSOLUTE (__Interrupt47):ABSOLUTE (__DefaultInterrupt)
                  0x000174          0x4 LONG 0x2d6 DEFINED (__AltInterrupt48)?ABSOLUTE (__AltInterrupt48):DEFINED (__Interrupt48)?ABSOLUTE (__Interrupt48):ABSOLUTE (__DefaultInterrupt)
                  0x000176          0x4 LONG 0xcd12 DEFINED (__AltSI2C2Interrupt)?ABSOLUTE (__AltSI2C2Interrupt):DEFINED (__SI2C2Interrupt)?ABSOLUTE (__SI2C2Interrupt):ABSOLUTE (__DefaultInterrupt)
                  0x000178          0x4 LONG 0xcd18 DEFINED (__AltMI2C2Interrupt)?ABSOLUTE (__AltMI2C2Interrupt):DEFINED (__MI2C2Interrupt)?ABSOLUTE (__MI2C2Interrupt):ABSOLUTE (__DefaultInterrupt)
                  0x00017a          0x4 LONG 0x2d6 DEFINED (__AltInterrupt51)?ABSOLUTE (__AltInterrupt51):DEFINED (__Interrupt51)?ABSOLUTE (__Interrupt51):ABSOLUTE (__DefaultInterrupt)
                  0x00017c          0x4 LONG 0x2d6 DEFINED (__AltInterrupt52)?ABSOLUTE (__AltInterrupt52):DEFINED (__Interrupt52)?ABSOLUTE (__Interrupt52):ABSOLUTE (__DefaultInterrupt)
                  0x00017e          0x4 LONG 0x2d6 DEFINED (__AltINT3Interrupt)?ABSOLUTE (__AltINT3Interrupt):DEFINED (__INT3Interrupt)?ABSOLUTE (__INT3Interrupt):ABSOLUTE (__DefaultInterrupt)
                  0x000180          0x4 LONG 0x2d6 DEFINED (__AltINT4Interrupt)?ABSOLUTE (__AltINT4Interrupt):DEFINED (__INT4Interrupt)?ABSOLUTE (__INT4Interrupt):ABSOLUTE (__DefaultInterrupt)
                  0x000182          0x4 LONG 0x2d6 DEFINED (__AltCRYPTOInterrupt)?ABSOLUTE (__AltCRYPTOInterrupt):DEFINED (__CRYPTOInterrupt)?ABSOLUTE (__CRYPTOInterrupt):ABSOLUTE (__DefaultInterrupt)
                  0x000184          0x4 LONG 0x2d6 DEFINED (__AltCRYPTOKeyInterrupt)?ABSOLUTE (__AltCRYPTOKeyInterrupt):DEFINED (__CRYPTOKeyInterrupt)?ABSOLUTE (__CRYPTOKeyInterrupt):ABSOLUTE (__DefaultInterrupt)
                  0x000186          0x4 LONG 0x2d6 DEFINED (__AltInterrupt57)?ABSOLUTE (__AltInterrupt57):DEFINED (__Interrupt57)?ABSOLUTE (__Interrupt57):ABSOLUTE (__DefaultInterrupt)
                  0x000188          0x4 LONG 0x2d6 DEFINED (__AltSPI1RXInterrupt)?ABSOLUTE (__AltSPI1RXInterrupt):DEFINED (__SPI1RXInterrupt)?ABSOLUTE (__SPI1RXInterrupt):ABSOLUTE (__DefaultInterrupt)
                  0x00018a          0x4 LONG 0x2d6 DEFINED (__AltSPI2RXInterrupt)?ABSOLUTE (__AltSPI2RXInterrupt):DEFINED (__SPI2RXInterrupt)?ABSOLUTE (__SPI2RXInterrupt):ABSOLUTE (__DefaultInterrupt)
                  0x00018c          0x4 LONG 0x2d6 DEFINED (__AltSPI3RXInterrupt)?ABSOLUTE (__AltSPI3RXInterrupt):DEFINED (__SPI3RXInterrupt)?ABSOLUTE (__SPI3RXInterrupt):ABSOLUTE (__DefaultInterrupt)
                  0x00018e          0x4 LONG 0x2d6 DEFINED (__AltDMA5Interrupt)?ABSOLUTE (__AltDMA5Interrupt):DEFINED (__DMA5Interrupt)?ABSOLUTE (__DMA5Interrupt):ABSOLUTE (__DefaultInterrupt)
                  0x000190          0x4 LONG 0x2d6 DEFINED (__AltRTCCInterrupt)?ABSOLUTE (__AltRTCCInterrupt):DEFINED (__RTCCInterrupt)?ABSOLUTE (__RTCCInterrupt):ABSOLUTE (__DefaultInterrupt)
                  0x000192          0x4 LONG 0x2d6 DEFINED (__AltInterrupt63)?ABSOLUTE (__AltInterrupt63):DEFINED (__Interrupt63)?ABSOLUTE (__Interrupt63):ABSOLUTE (__DefaultInterrupt)
                  0x000194          0x4 LONG 0x2d6 DEFINED (__AltInterrupt64)?ABSOLUTE (__AltInterrupt64):DEFINED (__Interrupt64)?ABSOLUTE (__Interrupt64):ABSOLUTE (__DefaultInterrupt)
                  0x000196          0x4 LONG 0xb7dc DEFINED (__AltU1ErrInterrupt)?ABSOLUTE (__AltU1ErrInterrupt):DEFINED (__U1ErrInterrupt)?ABSOLUTE (__U1ErrInterrupt):ABSOLUTE (__DefaultInterrupt)
                  0x000198          0x4 LONG 0x2d6 DEFINED (__AltU2ErrInterrupt)?ABSOLUTE (__AltU2ErrInterrupt):DEFINED (__U2ErrInterrupt)?ABSOLUTE (__U2ErrInterrupt):ABSOLUTE (__DefaultInterrupt)
                  0x00019a          0x4 LONG 0x2d6 DEFINED (__AltCRCInterrupt)?ABSOLUTE (__AltCRCInterrupt):DEFINED (__CRCInterrupt)?ABSOLUTE (__CRCInterrupt):ABSOLUTE (__DefaultInterrupt)
                  0x00019c          0x4 LONG 0x2d6 DEFINED (__AltInterrupt68)?ABSOLUTE (__AltInterrupt68):DEFINED (__Interrupt68)?ABSOLUTE (__Interrupt68):ABSOLUTE (__DefaultInterrupt)
                  0x00019e          0x4 LONG 0x2d6 DEFINED (__AltInterrupt69)?ABSOLUTE (__AltInterrupt69):DEFINED (__Interrupt69)?ABSOLUTE (__Interrupt69):ABSOLUTE (__DefaultInterrupt)
                  0x0001a0          0x4 LONG 0x2d6 DEFINED (__AltInterrupt70)?ABSOLUTE (__AltInterrupt70):DEFINED (__Interrupt70)?ABSOLUTE (__Interrupt70):ABSOLUTE (__DefaultInterrupt)
                  0x0001a2          0x4 LONG 0x2d6 DEFINED (__AltInterrupt71)?ABSOLUTE (__AltInterrupt71):DEFINED (__Interrupt71)?ABSOLUTE (__Interrupt71):ABSOLUTE (__DefaultInterrupt)
                  0x0001a4          0x4 LONG 0x2d6 DEFINED (__AltLVDInterrupt)?ABSOLUTE (__AltLVDInterrupt):DEFINED (__LVDInterrupt)?ABSOLUTE (__LVDInterrupt):ABSOLUTE (__DefaultInterrupt)
                  0x0001a6          0x4 LONG 0x2d6 DEFINED (__AltInterrupt73)?ABSOLUTE (__AltInterrupt73):DEFINED (__Interrupt73)?ABSOLUTE (__Interrupt73):ABSOLUTE (__DefaultInterrupt)
                  0x0001a8          0x4 LONG 0x2d6 DEFINED (__AltInterrupt74)?ABSOLUTE (__AltInterrupt74):DEFINED (__Interrupt74)?ABSOLUTE (__Interrupt74):ABSOLUTE (__DefaultInterrupt)
                  0x0001aa          0x4 LONG 0x2d6 DEFINED (__AltInterrupt75)?ABSOLUTE (__AltInterrupt75):DEFINED (__Interrupt75)?ABSOLUTE (__Interrupt75):ABSOLUTE (__DefaultInterrupt)
                  0x0001ac          0x4 LONG 0x2d6 DEFINED (__AltInterrupt76)?ABSOLUTE (__AltInterrupt76):DEFINED (__Interrupt76)?ABSOLUTE (__Interrupt76):ABSOLUTE (__DefaultInterrupt)
                  0x0001ae          0x4 LONG 0x2d6 DEFINED (__AltCTMUInterrupt)?ABSOLUTE (__AltCTMUInterrupt):DEFINED (__CTMUInterrupt)?ABSOLUTE (__CTMUInterrupt):ABSOLUTE (__DefaultInterrupt)
                  0x0001b0          0x4 LONG 0x2d6 DEFINED (__AltInterrupt78)?ABSOLUTE (__AltInterrupt78):DEFINED (__Interrupt78)?ABSOLUTE (__Interrupt78):ABSOLUTE (__DefaultInterrupt)
                  0x0001b2          0x4 LONG 0x2d6 DEFINED (__AltInterrupt79)?ABSOLUTE (__AltInterrupt79):DEFINED (__Interrupt79)?ABSOLUTE (__Interrupt79):ABSOLUTE (__DefaultInterrupt)
                  0x0001b4          0x4 LONG 0x2d6 DEFINED (__AltInterrupt80)?ABSOLUTE (__AltInterrupt80):DEFINED (__Interrupt80)?ABSOLUTE (__Interrupt80):ABSOLUTE (__DefaultInterrupt)
                  0x0001b6          0x4 LONG 0x2d6 DEFINED (__AltU3ErrInterrupt)?ABSOLUTE (__AltU3ErrInterrupt):DEFINED (__U3ErrInterrupt)?ABSOLUTE (__U3ErrInterrupt):ABSOLUTE (__DefaultInterrupt)
                  0x0001b8          0x4 LONG 0x2d6 DEFINED (__AltU3RXInterrupt)?ABSOLUTE (__AltU3RXInterrupt):DEFINED (__U3RXInterrupt)?ABSOLUTE (__U3RXInterrupt):ABSOLUTE (__DefaultInterrupt)
                  0x0001ba          0x4 LONG 0x2d6 DEFINED (__AltU3TXInterrupt)?ABSOLUTE (__AltU3TXInterrupt):DEFINED (__U3TXInterrupt)?ABSOLUTE (__U3TXInterrupt):ABSOLUTE (__DefaultInterrupt)
                  0x0001bc          0x4 LONG 0x2d6 DEFINED (__AltI2C1BCLInterrupt)?ABSOLUTE (__AltI2C1BCLInterrupt):DEFINED (__I2C1BCLInterrupt)?ABSOLUTE (__I2C1BCLInterrupt):ABSOLUTE (__DefaultInterrupt)
                  0x0001be          0x4 LONG 0x2d6 DEFINED (__AltI2C2BCLInterrupt)?ABSOLUTE (__AltI2C2BCLInterrupt):DEFINED (__I2C2BCLInterrupt)?ABSOLUTE (__I2C2BCLInterrupt):ABSOLUTE (__DefaultInterrupt)
                  0x0001c0          0x4 LONG 0x2d6 DEFINED (__AltUSB1Interrupt)?ABSOLUTE (__AltUSB1Interrupt):DEFINED (__USB1Interrupt)?ABSOLUTE (__USB1Interrupt):ABSOLUTE (__DefaultInterrupt)
                  0x0001c2          0x4 LONG 0x2d6 DEFINED (__AltU4ErrInterrupt)?ABSOLUTE (__AltU4ErrInterrupt):DEFINED (__U4ErrInterrupt)?ABSOLUTE (__U4ErrInterrupt):ABSOLUTE (__DefaultInterrupt)
                  0x0001c4          0x4 LONG 0x2d6 DEFINED (__AltU4RXInterrupt)?ABSOLUTE (__AltU4RXInterrupt):DEFINED (__U4RXInterrupt)?ABSOLUTE (__U4RXInterrupt):ABSOLUTE (__DefaultInterrupt)
                  0x0001c6          0x4 LONG 0x2d6 DEFINED (__AltU4TXInterrupt)?ABSOLUTE (__AltU4TXInterrupt):DEFINED (__U4TXInterrupt)?ABSOLUTE (__U4TXInterrupt):ABSOLUTE (__DefaultInterrupt)
                  0x0001c8          0x4 LONG 0x2d6 DEFINED (__AltSPI3Interrupt)?ABSOLUTE (__AltSPI3Interrupt):DEFINED (__SPI3Interrupt)?ABSOLUTE (__SPI3Interrupt):ABSOLUTE (__DefaultInterrupt)
                  0x0001ca          0x4 LONG 0x2d6 DEFINED (__AltSPI3TXInterrupt)?ABSOLUTE (__AltSPI3TXInterrupt):DEFINED (__SPI3TXInterrupt)?ABSOLUTE (__SPI3TXInterrupt):ABSOLUTE (__DefaultInterrupt)
                  0x0001cc          0x4 LONG 0x2d6 DEFINED (__AltInterrupt92)?ABSOLUTE (__AltInterrupt92):DEFINED (__Interrupt92)?ABSOLUTE (__Interrupt92):ABSOLUTE (__DefaultInterrupt)
                  0x0001ce          0x4 LONG 0x2d6 DEFINED (__AltInterrupt93)?ABSOLUTE (__AltInterrupt93):DEFINED (__Interrupt93)?ABSOLUTE (__Interrupt93):ABSOLUTE (__DefaultInterrupt)
                  0x0001d0          0x4 LONG 0x2d6 DEFINED (__AltInterrupt94)?ABSOLUTE (__AltInterrupt94):DEFINED (__Interrupt94)?ABSOLUTE (__Interrupt94):ABSOLUTE (__DefaultInterrupt)
                  0x0001d2          0x4 LONG 0x2d6 DEFINED (__AltInterrupt95)?ABSOLUTE (__AltInterrupt95):DEFINED (__Interrupt95)?ABSOLUTE (__Interrupt95):ABSOLUTE (__DefaultInterrupt)
                  0x0001d4          0x4 LONG 0x2d6 DEFINED (__AltInterrupt96)?ABSOLUTE (__AltInterrupt96):DEFINED (__Interrupt96)?ABSOLUTE (__Interrupt96):ABSOLUTE (__DefaultInterrupt)
                  0x0001d6          0x4 LONG 0x2d6 DEFINED (__AltInterrupt97)?ABSOLUTE (__AltInterrupt97):DEFINED (__Interrupt97)?ABSOLUTE (__Interrupt97):ABSOLUTE (__DefaultInterrupt)
                  0x0001d8          0x4 LONG 0x2d6 DEFINED (__AltInterrupt98)?ABSOLUTE (__AltInterrupt98):DEFINED (__Interrupt98)?ABSOLUTE (__Interrupt98):ABSOLUTE (__DefaultInterrupt)
                  0x0001da          0x4 LONG 0x2d6 DEFINED (__AltInterrupt99)?ABSOLUTE (__AltInterrupt99):DEFINED (__Interrupt99)?ABSOLUTE (__Interrupt99):ABSOLUTE (__DefaultInterrupt)
                  0x0001dc          0x4 LONG 0x2d6 DEFINED (__AltInterrupt100)?ABSOLUTE (__AltInterrupt100):DEFINED (__Interrupt100)?ABSOLUTE (__Interrupt100):ABSOLUTE (__DefaultInterrupt)
                  0x0001de          0x4 LONG 0x2d6 DEFINED (__AltInterrupt101)?ABSOLUTE (__AltInterrupt101):DEFINED (__Interrupt101)?ABSOLUTE (__Interrupt101):ABSOLUTE (__DefaultInterrupt)
                  0x0001e0          0x4 LONG 0x2d6 DEFINED (__AltInterrupt102)?ABSOLUTE (__AltInterrupt102):DEFINED (__Interrupt102)?ABSOLUTE (__Interrupt102):ABSOLUTE (__DefaultInterrupt)
                  0x0001e2          0x4 LONG 0x2d6 DEFINED (__AltInterrupt103)?ABSOLUTE (__AltInterrupt103):DEFINED (__Interrupt103)?ABSOLUTE (__Interrupt103):ABSOLUTE (__DefaultInterrupt)
                  0x0001e4          0x4 LONG 0x2d6 DEFINED (__AltInterrupt104)?ABSOLUTE (__AltInterrupt104):DEFINED (__Interrupt104)?ABSOLUTE (__Interrupt104):ABSOLUTE (__DefaultInterrupt)
                  0x0001e6          0x4 LONG 0x2d6 DEFINED (__AltInterrupt105)?ABSOLUTE (__AltInterrupt105):DEFINED (__Interrupt105)?ABSOLUTE (__Interrupt105):ABSOLUTE (__DefaultInterrupt)
                  0x0001e8          0x4 LONG 0x2d6 DEFINED (__AltFSTInterrupt)?ABSOLUTE (__AltFSTInterrupt):DEFINED (__FSTInterrupt)?ABSOLUTE (__FSTInterrupt):ABSOLUTE (__DefaultInterrupt)
                  0x0001ea          0x4 LONG 0x2d6 DEFINED (__AltInterrupt107)?ABSOLUTE (__AltInterrupt107):DEFINED (__Interrupt107)?ABSOLUTE (__Interrupt107):ABSOLUTE (__DefaultInterrupt)
                  0x0001ec          0x4 LONG 0x2d6 DEFINED (__AltInterrupt108)?ABSOLUTE (__AltInterrupt108):DEFINED (__Interrupt108)?ABSOLUTE (__Interrupt108):ABSOLUTE (__DefaultInterrupt)
                  0x0001ee          0x4 LONG 0x2d6 DEFINED (__AltInterrupt109)?ABSOLUTE (__AltInterrupt109):DEFINED (__Interrupt109)?ABSOLUTE (__Interrupt109):ABSOLUTE (__DefaultInterrupt)
                  0x0001f0          0x4 LONG 0x2d6 DEFINED (__AltInterrupt110)?ABSOLUTE (__AltInterrupt110):DEFINED (__Interrupt110)?ABSOLUTE (__Interrupt110):ABSOLUTE (__DefaultInterrupt)
                  0x0001f2          0x4 LONG 0x2d6 DEFINED (__AltInterrupt111)?ABSOLUTE (__AltInterrupt111):DEFINED (__Interrupt111)?ABSOLUTE (__Interrupt111):ABSOLUTE (__DefaultInterrupt)
                  0x0001f4          0x4 LONG 0x2d6 DEFINED (__AltInterrupt112)?ABSOLUTE (__AltInterrupt112):DEFINED (__Interrupt112)?ABSOLUTE (__Interrupt112):ABSOLUTE (__DefaultInterrupt)
                  0x0001f6          0x4 LONG 0x2d6 DEFINED (__AltInterrupt113)?ABSOLUTE (__AltInterrupt113):DEFINED (__Interrupt113)?ABSOLUTE (__Interrupt113):ABSOLUTE (__DefaultInterrupt)
                  0x0001f8          0x4 LONG 0x2d6 DEFINED (__AltInterrupt114)?ABSOLUTE (__AltInterrupt114):DEFINED (__Interrupt114)?ABSOLUTE (__Interrupt114):ABSOLUTE (__DefaultInterrupt)
                  0x0001fa          0x4 LONG 0x2d6 DEFINED (__AltInterrupt115)?ABSOLUTE (__AltInterrupt115):DEFINED (__Interrupt115)?ABSOLUTE (__Interrupt115):ABSOLUTE (__DefaultInterrupt)
                  0x0001fc          0x4 LONG 0x2d6 DEFINED (__AltInterrupt116)?ABSOLUTE (__AltInterrupt116):DEFINED (__Interrupt116)?ABSOLUTE (__Interrupt116):ABSOLUTE (__DefaultInterrupt)
                  0x0001fe          0x4 LONG 0x2d6 DEFINED (__AltJTAGInterrupt)?ABSOLUTE (__AltJTAGInterrupt):DEFINED (__JTAGInterrupt)?ABSOLUTE (__JTAGInterrupt):ABSOLUTE (__DefaultInterrupt)
                    0x0000                  WREG0 = 0x0
                    0x0000                  _WREG0 = 0x0
                    0x0002                  WREG1 = 0x2
                    0x0002                  _WREG1 = 0x2
                    0x0004                  WREG2 = 0x4
                    0x0004                  _WREG2 = 0x4
                    0x0006                  WREG3 = 0x6
                    0x0006                  _WREG3 = 0x6
                    0x0008                  WREG4 = 0x8
                    0x0008                  _WREG4 = 0x8
                    0x000a                  WREG5 = 0xa
                    0x000a                  _WREG5 = 0xa
                    0x000c                  WREG6 = 0xc
                    0x000c                  _WREG6 = 0xc
                    0x000e                  WREG7 = 0xe
                    0x000e                  _WREG7 = 0xe
                    0x0010                  WREG8 = 0x10
                    0x0010                  _WREG8 = 0x10
                    0x0012                  WREG9 = 0x12
                    0x0012                  _WREG9 = 0x12
                    0x0014                  WREG10 = 0x14
                    0x0014                  _WREG10 = 0x14
                    0x0016                  WREG11 = 0x16
                    0x0016                  _WREG11 = 0x16
                    0x0018                  WREG12 = 0x18
                    0x0018                  _WREG12 = 0x18
                    0x001a                  WREG13 = 0x1a
                    0x001a                  _WREG13 = 0x1a
                    0x001c                  WREG14 = 0x1c
                    0x001c                  _WREG14 = 0x1c
                    0x001e                  WREG15 = 0x1e
                    0x001e                  _WREG15 = 0x1e
                    0x0020                  SPLIM = 0x20
                    0x0020                  _SPLIM = 0x20
                    0x002e                  PCL = 0x2e
                    0x002e                  _PCL = 0x2e
                    0x0030                  PCH = 0x30
                    0x0030                  _PCH = 0x30
                    0x0032                  DSRPAG = 0x32
                    0x0032                  _DSRPAG = 0x32
                    0x0032                  _DSRPAGbits = 0x32
                    0x0034                  DSWPAG = 0x34
                    0x0034                  _DSWPAG = 0x34
                    0x0034                  _DSWPAGbits = 0x34
                    0x0036                  RCOUNT = 0x36
                    0x0036                  _RCOUNT = 0x36
                    0x0042                  SR = 0x42
                    0x0042                  _SR = 0x42
                    0x0042                  _SRbits = 0x42
                    0x0044                  CORCON = 0x44
                    0x0044                  _CORCON = 0x44
                    0x0044                  _CORCONbits = 0x44
                    0x0052                  DISICNT = 0x52
                    0x0052                  _DISICNT = 0x52
                    0x0052                  _DISICNTbits = 0x52
                    0x0054                  TBLPAG = 0x54
                    0x0054                  _TBLPAG = 0x54
                    0x0054                  _TBLPAGbits = 0x54
                    0x0056                  CNPD1 = 0x56
                    0x0056                  _CNPD1 = 0x56
                    0x0056                  _CNPD1bits = 0x56
                    0x0058                  CNPD2 = 0x58
                    0x0058                  _CNPD2 = 0x58
                    0x0058                  _CNPD2bits = 0x58
                    0x005a                  CNPD3 = 0x5a
                    0x005a                  _CNPD3 = 0x5a
                    0x0062                  CNEN1 = 0x62
                    0x0062                  _CNEN1 = 0x62
                    0x0062                  _CNEN1bits = 0x62
                    0x0064                  CNEN2 = 0x64
                    0x0064                  _CNEN2 = 0x64
                    0x0064                  _CNEN2bits = 0x64
                    0x0066                  CNEN3 = 0x66
                    0x0066                  _CNEN3 = 0x66
                    0x006e                  CNPU1 = 0x6e
                    0x006e                  _CNPU1 = 0x6e
                    0x006e                  _CNPU1bits = 0x6e
                    0x0070                  CNPU2 = 0x70
                    0x0070                  _CNPU2 = 0x70
                    0x0070                  _CNPU2bits = 0x70
                    0x0072                  CNPU3 = 0x72
                    0x0072                  _CNPU3 = 0x72
                    0x0080                  INTCON1 = 0x80
                    0x0080                  _INTCON1 = 0x80
                    0x0080                  _INTCON1bits = 0x80
                    0x0082                  INTCON2 = 0x82
                    0x0082                  _INTCON2 = 0x82
                    0x0082                  _INTCON2bits = 0x82
                    0x0084                  IFS0 = 0x84
                    0x0084                  _IFS0 = 0x84
                    0x0084                  _IFS0bits = 0x84
                    0x0086                  IFS1 = 0x86
                    0x0086                  _IFS1 = 0x86
                    0x0086                  _IFS1bits = 0x86
                    0x0088                  IFS2 = 0x88
                    0x0088                  _IFS2 = 0x88
                    0x0088                  _IFS2bits = 0x88
                    0x008a                  IFS3 = 0x8a
                    0x008a                  _IFS3 = 0x8a
                    0x008a                  _IFS3bits = 0x8a
                    0x008c                  IFS4 = 0x8c
                    0x008c                  _IFS4 = 0x8c
                    0x008c                  _IFS4bits = 0x8c
                    0x008e                  IFS5 = 0x8e
                    0x008e                  _IFS5 = 0x8e
                    0x008e                  _IFS5bits = 0x8e
                    0x0090                  IFS6 = 0x90
                    0x0090                  _IFS6 = 0x90
                    0x0090                  _IFS6bits = 0x90
                    0x0092                  IFS7 = 0x92
                    0x0092                  _IFS7 = 0x92
                    0x0092                  _IFS7bits = 0x92
                    0x0094                  IEC0 = 0x94
                    0x0094                  _IEC0 = 0x94
                    0x0094                  _IEC0bits = 0x94
                    0x0096                  IEC1 = 0x96
                    0x0096                  _IEC1 = 0x96
                    0x0096                  _IEC1bits = 0x96
                    0x0098                  IEC2 = 0x98
                    0x0098                  _IEC2 = 0x98
                    0x0098                  _IEC2bits = 0x98
                    0x009a                  IEC3 = 0x9a
                    0x009a                  _IEC3 = 0x9a
                    0x009a                  _IEC3bits = 0x9a
                    0x009c                  IEC4 = 0x9c
                    0x009c                  _IEC4 = 0x9c
                    0x009c                  _IEC4bits = 0x9c
                    0x009e                  IEC5 = 0x9e
                    0x009e                  _IEC5 = 0x9e
                    0x009e                  _IEC5bits = 0x9e
                    0x00a0                  IEC6 = 0xa0
                    0x00a0                  _IEC6 = 0xa0
                    0x00a0                  _IEC6bits = 0xa0
                    0x00a2                  IEC7 = 0xa2
                    0x00a2                  _IEC7 = 0xa2
                    0x00a2                  _IEC7bits = 0xa2
                    0x00a4                  IPC0 = 0xa4
                    0x00a4                  _IPC0 = 0xa4
                    0x00a4                  _IPC0bits = 0xa4
                    0x00a6                  IPC1 = 0xa6
                    0x00a6                  _IPC1 = 0xa6
                    0x00a6                  _IPC1bits = 0xa6
                    0x00a8                  IPC2 = 0xa8
                    0x00a8                  _IPC2 = 0xa8
                    0x00a8                  _IPC2bits = 0xa8
                    0x00aa                  IPC3 = 0xaa
                    0x00aa                  _IPC3 = 0xaa
                    0x00aa                  _IPC3bits = 0xaa
                    0x00ac                  IPC4 = 0xac
                    0x00ac                  _IPC4 = 0xac
                    0x00ac                  _IPC4bits = 0xac
                    0x00ae                  IPC5 = 0xae
                    0x00ae                  _IPC5 = 0xae
                    0x00ae                  _IPC5bits = 0xae
                    0x00b0                  IPC6 = 0xb0
                    0x00b0                  _IPC6 = 0xb0
                    0x00b0                  _IPC6bits = 0xb0
                    0x00b2                  IPC7 = 0xb2
                    0x00b2                  _IPC7 = 0xb2
                    0x00b2                  _IPC7bits = 0xb2
                    0x00b4                  IPC8 = 0xb4
                    0x00b4                  _IPC8 = 0xb4
                    0x00b4                  _IPC8bits = 0xb4
                    0x00b6                  IPC9 = 0xb6
                    0x00b6                  _IPC9 = 0xb6
                    0x00b6                  _IPC9bits = 0xb6
                    0x00b8                  IPC10 = 0xb8
                    0x00b8                  _IPC10 = 0xb8
                    0x00b8                  _IPC10bits = 0xb8
                    0x00ba                  IPC11 = 0xba
                    0x00ba                  _IPC11 = 0xba
                    0x00ba                  _IPC11bits = 0xba
                    0x00bc                  IPC12 = 0xbc
                    0x00bc                  _IPC12 = 0xbc
                    0x00bc                  _IPC12bits = 0xbc
                    0x00be                  IPC13 = 0xbe
                    0x00be                  _IPC13 = 0xbe
                    0x00be                  _IPC13bits = 0xbe
                    0x00c0                  IPC14 = 0xc0
                    0x00c0                  _IPC14 = 0xc0
                    0x00c0                  _IPC14bits = 0xc0
                    0x00c2                  IPC15 = 0xc2
                    0x00c2                  _IPC15 = 0xc2
                    0x00c2                  _IPC15bits = 0xc2
                    0x00c4                  IPC16 = 0xc4
                    0x00c4                  _IPC16 = 0xc4
                    0x00c4                  _IPC16bits = 0xc4
                    0x00c8                  IPC18 = 0xc8
                    0x00c8                  _IPC18 = 0xc8
                    0x00c8                  _IPC18bits = 0xc8
                    0x00ca                  IPC19 = 0xca
                    0x00ca                  _IPC19 = 0xca
                    0x00ca                  _IPC19bits = 0xca
                    0x00cc                  IPC20 = 0xcc
                    0x00cc                  _IPC20 = 0xcc
                    0x00cc                  _IPC20bits = 0xcc
                    0x00ce                  IPC21 = 0xce
                    0x00ce                  _IPC21 = 0xce
                    0x00ce                  _IPC21bits = 0xce
                    0x00d0                  IPC22 = 0xd0
                    0x00d0                  _IPC22 = 0xd0
                    0x00d0                  _IPC22bits = 0xd0
                    0x00d2                  IPC23 = 0xd2
                    0x00d2                  _IPC23 = 0xd2
                    0x00d6                  IPC25 = 0xd6
                    0x00d6                  _IPC25 = 0xd6
                    0x00d8                  IPC26 = 0xd8
                    0x00d8                  _IPC26 = 0xd8
                    0x00d8                  _IPC26bits = 0xd8
                    0x00de                  IPC29 = 0xde
                    0x00de                  _IPC29 = 0xde
                    0x00de                  _IPC29bits = 0xde
                    0x00e0                  INTTREG = 0xe0
                    0x00e0                  _INTTREG = 0xe0
                    0x00e0                  _INTTREGbits = 0xe0
                    0x0100                  OSCCON = 0x100
                    0x0100                  _OSCCON = 0x100
                    0x0100                  _OSCCONbits = 0x100
                    0x0100                  OSCCONL = 0x100
                    0x0100                  _OSCCONL = 0x100
                    0x0101                  OSCCONH = 0x101
                    0x0101                  _OSCCONH = 0x101
                    0x0102                  CLKDIV = 0x102
                    0x0102                  _CLKDIV = 0x102
                    0x0102                  _CLKDIVbits = 0x102
                    0x0106                  OSCTUN = 0x106
                    0x0106                  _OSCTUN = 0x106
                    0x0106                  _OSCTUNbits = 0x106
                    0x0108                  RCON = 0x108
                    0x0108                  _RCON = 0x108
                    0x0108                  _RCONbits = 0x108
                    0x010a                  RCON2 = 0x10a
                    0x010a                  _RCON2 = 0x10a
                    0x010a                  _RCON2bits = 0x10a
                    0x010c                  HLVDCON = 0x10c
                    0x010c                  _HLVDCON = 0x10c
                    0x010c                  _HLVDCONbits = 0x10c
                    0x010e                  DSCON = 0x10e
                    0x010e                  _DSCON = 0x10e
                    0x010e                  _DSCONbits = 0x10e
                    0x0110                  DSWAKE = 0x110
                    0x0110                  _DSWAKE = 0x110
                    0x0110                  _DSWAKEbits = 0x110
                    0x0112                  DSGPR0 = 0x112
                    0x0112                  _DSGPR0 = 0x112
                    0x0114                  DSGPR1 = 0x114
                    0x0114                  _DSGPR1 = 0x114
                    0x011e                  ALRMVAL = 0x11e
                    0x011e                  _ALRMVAL = 0x11e
                    0x0120                  ALCFGRPT = 0x120
                    0x0120                  _ALCFGRPT = 0x120
                    0x0120                  _ALCFGRPTbits = 0x120
                    0x0122                  RTCVAL = 0x122
                    0x0122                  _RTCVAL = 0x122
                    0x0124                  RCFGCAL = 0x124
                    0x0124                  _RCFGCAL = 0x124
                    0x0124                  _RCFGCALbits = 0x124
                    0x0126                  RTCPWC = 0x126
                    0x0126                  _RTCPWC = 0x126
                    0x0126                  _RTCPWCbits = 0x126
                    0x0158                  CRCCON1 = 0x158
                    0x0158                  _CRCCON1 = 0x158
                    0x0158                  _CRCCON1bits = 0x158
                    0x015a                  CRCCON2 = 0x15a
                    0x015a                  _CRCCON2 = 0x15a
                    0x015a                  _CRCCON2bits = 0x15a
                    0x015c                  CRCXORL = 0x15c
                    0x015c                  _CRCXORL = 0x15c
                    0x015c                  _CRCXORLbits = 0x15c
                    0x015e                  CRCXORH = 0x15e
                    0x015e                  _CRCXORH = 0x15e
                    0x015e                  _CRCXORHbits = 0x15e
                    0x0160                  CRCDAT = 0x160
                    0x0160                  _CRCDAT = 0x160
                    0x0160                  CRCDATL = 0x160
                    0x0160                  _CRCDATL = 0x160
                    0x0162                  CRCDATH = 0x162
                    0x0162                  _CRCDATH = 0x162
                    0x0164                  CRCWDAT = 0x164
                    0x0164                  _CRCWDAT = 0x164
                    0x0164                  CRCWDATL = 0x164
                    0x0164                  _CRCWDATL = 0x164
                    0x0166                  CRCWDATH = 0x166
                    0x0166                  _CRCWDATH = 0x166
                    0x0168                  REFOCON1 = 0x168
                    0x0168                  _REFOCON1 = 0x168
                    0x0168                  _REFOCON1bits = 0x168
                    0x0168                  REFOCONL = 0x168
                    0x0168                  _REFOCONL = 0x168
                    0x0168                  _REFOCONLbits = 0x168
                    0x016a                  REFOCON2 = 0x16a
                    0x016a                  _REFOCON2 = 0x16a
                    0x016a                  _REFOCON2bits = 0x16a
                    0x016a                  REFOCONH = 0x16a
                    0x016a                  _REFOCONH = 0x16a
                    0x016a                  _REFOCONHbits = 0x16a
                    0x016c                  REFOTRIML = 0x16c
                    0x016c                  _REFOTRIML = 0x16c
                    0x016c                  _REFOTRIMLbits = 0x16c
                    0x0170                  PMD1 = 0x170
                    0x0170                  _PMD1 = 0x170
                    0x0170                  _PMD1bits = 0x170
                    0x0172                  PMD2 = 0x172
                    0x0172                  _PMD2 = 0x172
                    0x0172                  _PMD2bits = 0x172
                    0x0174                  PMD3 = 0x174
                    0x0174                  _PMD3 = 0x174
                    0x0174                  _PMD3bits = 0x174
                    0x0176                  PMD4 = 0x176
                    0x0176                  _PMD4 = 0x176
                    0x0176                  _PMD4bits = 0x176
                    0x0178                  PMD5 = 0x178
                    0x0178                  _PMD5 = 0x178
                    0x017a                  PMD6 = 0x17a
                    0x017a                  _PMD6 = 0x17a
                    0x017a                  _PMD6bits = 0x17a
                    0x017c                  PMD7 = 0x17c
                    0x017c                  _PMD7 = 0x17c
                    0x017c                  _PMD7bits = 0x17c
                    0x017e                  PMD8 = 0x17e
                    0x017e                  _PMD8 = 0x17e
                    0x017e                  _PMD8bits = 0x17e
                    0x0180                  TRISA = 0x180
                    0x0180                  _TRISA = 0x180
                    0x0180                  _TRISAbits = 0x180
                    0x0182                  PORTA = 0x182
                    0x0182                  _PORTA = 0x182
                    0x0182                  _PORTAbits = 0x182
                    0x0184                  LATA = 0x184
                    0x0184                  _LATA = 0x184
                    0x0184                  _LATAbits = 0x184
                    0x0186                  ODCA = 0x186
                    0x0186                  _ODCA = 0x186
                    0x0186                  _ODCAbits = 0x186
                    0x0188                  ANSA = 0x188
                    0x0188                  _ANSA = 0x188
                    0x0188                  _ANSAbits = 0x188
                    0x018a                  TRISB = 0x18a
                    0x018a                  _TRISB = 0x18a
                    0x018a                  _TRISBbits = 0x18a
                    0x018c                  PORTB = 0x18c
                    0x018c                  _PORTB = 0x18c
                    0x018c                  _PORTBbits = 0x18c
                    0x018e                  LATB = 0x18e
                    0x018e                  _LATB = 0x18e
                    0x018e                  _LATBbits = 0x18e
                    0x0190                  ODCB = 0x190
                    0x0190                  _ODCB = 0x190
                    0x0190                  _ODCBbits = 0x190
                    0x0192                  ANSB = 0x192
                    0x0192                  _ANSB = 0x192
                    0x0192                  _ANSBbits = 0x192
                    0x019e                  ANCFG = 0x19e
                    0x019e                  _ANCFG = 0x19e
                    0x019e                  _ANCFGbits = 0x19e
                    0x01a4                  CRYCON1 = 0x1a4
                    0x01a4                  _CRYCON1 = 0x1a4
                    0x01a4                  _CRYCON1bits = 0x1a4
                    0x01a4                  CRYCONL = 0x1a4
                    0x01a4                  _CRYCONL = 0x1a4
                    0x01a4                  _CRYCONLbits = 0x1a4
                    0x01a6                  CRYCON2 = 0x1a6
                    0x01a6                  _CRYCON2 = 0x1a6
                    0x01a6                  _CRYCON2bits = 0x1a6
                    0x01a6                  CRYCONH = 0x1a6
                    0x01a6                  _CRYCONH = 0x1a6
                    0x01a6                  _CRYCONHbits = 0x1a6
                    0x01a8                  CRYSTAT = 0x1a8
                    0x01a8                  _CRYSTAT = 0x1a8
                    0x01a8                  _CRYSTATbits = 0x1a8
                    0x01ac                  CRYOTP = 0x1ac
                    0x01ac                  _CRYOTP = 0x1ac
                    0x01ac                  _CRYOTPbits = 0x1ac
                    0x01b0                  CRYTXTA = 0x1b0
                    0x01b0                  _CRYTXTA = 0x1b0
                    0x01b0                  CRYTXTA0 = 0x1b0
                    0x01b0                  _CRYTXTA0 = 0x1b0
                    0x01b2                  CRYTXTA1 = 0x1b2
                    0x01b2                  _CRYTXTA1 = 0x1b2
                    0x01b4                  CRYTXTA2 = 0x1b4
                    0x01b4                  _CRYTXTA2 = 0x1b4
                    0x01b6                  CRYTXTA3 = 0x1b6
                    0x01b6                  _CRYTXTA3 = 0x1b6
                    0x01b8                  CRYTXTA4 = 0x1b8
                    0x01b8                  _CRYTXTA4 = 0x1b8
                    0x01ba                  CRYTXTA5 = 0x1ba
                    0x01ba                  _CRYTXTA5 = 0x1ba
                    0x01bc                  CRYTXTA6 = 0x1bc
                    0x01bc                  _CRYTXTA6 = 0x1bc
                    0x01be                  CRYTXTA7 = 0x1be
                    0x01be                  _CRYTXTA7 = 0x1be
                    0x01c0                  CRYKEY = 0x1c0
                    0x01c0                  _CRYKEY = 0x1c0
                    0x01c0                  CRYKEY0 = 0x1c0
                    0x01c0                  _CRYKEY0 = 0x1c0
                    0x01c2                  CRYKEY1 = 0x1c2
                    0x01c2                  _CRYKEY1 = 0x1c2
                    0x01c4                  CRYKEY2 = 0x1c4
                    0x01c4                  _CRYKEY2 = 0x1c4
                    0x01c6                  CRYKEY3 = 0x1c6
                    0x01c6                  _CRYKEY3 = 0x1c6
                    0x01c8                  CRYKEY4 = 0x1c8